Archive member included to satisfy reference by file (symbol)

c:/MaximSDK/Libraries/PeriphDrivers/bin/MAX78000/softfp/libPeriphDriver_softfp.a(mxc_delay.o)
                              c:/Users/Jake.Carter/proj/Active/VSCode-Maxim/MaximSDK/New_Project/build/main.o (MXC_Delay)
c:/MaximSDK/Libraries/PeriphDrivers/bin/MAX78000/softfp/libPeriphDriver_softfp.a(pins_ai85.o)
                              c:/Users/Jake.Carter/proj/Active/VSCode-Maxim/MaximSDK/New_Project/build/camera.o (gpio_cfg_pcif_xclk)
c:/MaximSDK/Libraries/PeriphDrivers/bin/MAX78000/softfp/libPeriphDriver_softfp.a(sys_ai85.o)
                              c:/Users/Jake.Carter/proj/Active/VSCode-Maxim/MaximSDK/New_Project/build/board.o (MXC_SYS_ClockEnable)
c:/MaximSDK/Libraries/PeriphDrivers/bin/MAX78000/softfp/libPeriphDriver_softfp.a(nvic_table.o)
                              c:/Users/Jake.Carter/proj/Active/VSCode-Maxim/MaximSDK/New_Project/build/camera.o (NVIC_SetVector)
c:/MaximSDK/Libraries/PeriphDrivers/bin/MAX78000/softfp/libPeriphDriver_softfp.a(aes_me17.o)
                              c:/MaximSDK/Libraries/PeriphDrivers/bin/MAX78000/softfp/libPeriphDriver_softfp.a(sys_ai85.o) (MXC_AES_Init)
c:/MaximSDK/Libraries/PeriphDrivers/bin/MAX78000/softfp/libPeriphDriver_softfp.a(aes_revb.o)
                              c:/MaximSDK/Libraries/PeriphDrivers/bin/MAX78000/softfp/libPeriphDriver_softfp.a(aes_me17.o) (MXC_AES_RevB_Init)
c:/MaximSDK/Libraries/PeriphDrivers/bin/MAX78000/softfp/libPeriphDriver_softfp.a(cameraif_ai85.o)
                              c:/Users/Jake.Carter/proj/Active/VSCode-Maxim/MaximSDK/New_Project/build/camera.o (MXC_PCIF_Init)
c:/MaximSDK/Libraries/PeriphDrivers/bin/MAX78000/softfp/libPeriphDriver_softfp.a(cameraif_reva.o)
                              c:/MaximSDK/Libraries/PeriphDrivers/bin/MAX78000/softfp/libPeriphDriver_softfp.a(cameraif_ai85.o) (MXC_PCIF_RevA_SetDatawidth)
c:/MaximSDK/Libraries/PeriphDrivers/bin/MAX78000/softfp/libPeriphDriver_softfp.a(dma_me17.o)
                              c:/MaximSDK/Libraries/PeriphDrivers/bin/MAX78000/softfp/libPeriphDriver_softfp.a(aes_revb.o) (MXC_DMA_Init)
c:/MaximSDK/Libraries/PeriphDrivers/bin/MAX78000/softfp/libPeriphDriver_softfp.a(dma_reva.o)
                              c:/MaximSDK/Libraries/PeriphDrivers/bin/MAX78000/softfp/libPeriphDriver_softfp.a(dma_me17.o) (MXC_DMA_RevA_Init)
c:/MaximSDK/Libraries/PeriphDrivers/bin/MAX78000/softfp/libPeriphDriver_softfp.a(flc_me17.o)
                              c:/MaximSDK/Libraries/PeriphDrivers/bin/MAX78000/softfp/libPeriphDriver_softfp.a(sys_ai85.o) (MXC_FLC_UnlockInfoBlock)
c:/MaximSDK/Libraries/PeriphDrivers/bin/MAX78000/softfp/libPeriphDriver_softfp.a(flc_revb.o)
                              c:/MaximSDK/Libraries/PeriphDrivers/bin/MAX78000/softfp/libPeriphDriver_softfp.a(flc_me17.o) (MXC_FLC_RevB_Busy)
c:/MaximSDK/Libraries/PeriphDrivers/bin/MAX78000/softfp/libPeriphDriver_softfp.a(gpio_ai85.o)
                              c:/Users/Jake.Carter/proj/Active/VSCode-Maxim/MaximSDK/New_Project/build/led.o (MXC_GPIO_Config)
c:/MaximSDK/Libraries/PeriphDrivers/bin/MAX78000/softfp/libPeriphDriver_softfp.a(gpio_reva.o)
                              c:/MaximSDK/Libraries/PeriphDrivers/bin/MAX78000/softfp/libPeriphDriver_softfp.a(gpio_ai85.o) (MXC_GPIO_RevA_InGet)
c:/MaximSDK/Libraries/PeriphDrivers/bin/MAX78000/softfp/libPeriphDriver_softfp.a(icc_me17.o)
                              c:/Users/Jake.Carter/proj/Active/VSCode-Maxim/MaximSDK/New_Project/build/system_max78000.o (MXC_ICC_Enable)
c:/MaximSDK/Libraries/PeriphDrivers/bin/MAX78000/softfp/libPeriphDriver_softfp.a(icc_reva.o)
                              c:/MaximSDK/Libraries/PeriphDrivers/bin/MAX78000/softfp/libPeriphDriver_softfp.a(icc_me17.o) (MXC_ICC_RevA_ID)
c:/MaximSDK/Libraries/PeriphDrivers/bin/MAX78000/softfp/libPeriphDriver_softfp.a(pt_me17.o)
                              c:/Users/Jake.Carter/proj/Active/VSCode-Maxim/MaximSDK/New_Project/build/camera.o (MXC_PT_Init)
c:/MaximSDK/Libraries/PeriphDrivers/bin/MAX78000/softfp/libPeriphDriver_softfp.a(pt_reva.o)
                              c:/MaximSDK/Libraries/PeriphDrivers/bin/MAX78000/softfp/libPeriphDriver_softfp.a(pt_me17.o) (MXC_PT_RevA_Init)
c:/MaximSDK/Libraries/PeriphDrivers/bin/MAX78000/softfp/libPeriphDriver_softfp.a(spi_me17.o)
                              c:/Users/Jake.Carter/proj/Active/VSCode-Maxim/MaximSDK/New_Project/build/tft.o (MXC_SPI_Init)
c:/MaximSDK/Libraries/PeriphDrivers/bin/MAX78000/softfp/libPeriphDriver_softfp.a(spi_reva.o)
                              c:/MaximSDK/Libraries/PeriphDrivers/bin/MAX78000/softfp/libPeriphDriver_softfp.a(spi_me17.o) (MXC_SPI_RevA_Init)
c:/MaximSDK/Libraries/PeriphDrivers/bin/MAX78000/softfp/libPeriphDriver_softfp.a(trng_revb.o)
                              c:/MaximSDK/Libraries/PeriphDrivers/bin/MAX78000/softfp/libPeriphDriver_softfp.a(aes_me17.o) (MXC_TRNG_RevB_GenerateKey)
[...]
Memory Configuration

Name             Origin             Length             Attributes
ROM              0x00000000         0x00010000         xr
FLASH            0x10000000         0x00080000         xr
SRAM             0x20000000         0x00020000         xrw
*default*        0x00000000         0xffffffff

Linker script and memory map

LOAD c:/maximsdk/tools/gnutools/bin/../lib/gcc/arm-none-eabi/9.2.1/thumb/v7e-m+fp/softfp/crti.o
LOAD c:/maximsdk/tools/gnutools/bin/../lib/gcc/arm-none-eabi/9.2.1/thumb/v7e-m+fp/softfp/crtbegin.o
LOAD c:/maximsdk/tools/gnutools/bin/../lib/gcc/arm-none-eabi/9.2.1/../../../../arm-none-eabi/lib/thumb/v7e-m+fp/softfp/crt0.o
LOAD c:/Users/Jake.Carter/proj/Active/VSCode-Maxim/MaximSDK/New_Project/build/main.o
LOAD c:/Users/Jake.Carter/proj/Active/VSCode-Maxim/MaximSDK/New_Project/build/board.o
LOAD c:/Users/Jake.Carter/proj/Active/VSCode-Maxim/MaximSDK/New_Project/build/stdio.o
LOAD c:/Users/Jake.Carter/proj/Active/VSCode-Maxim/MaximSDK/New_Project/build/led.o
LOAD c:/Users/Jake.Carter/proj/Active/VSCode-Maxim/MaximSDK/New_Project/build/pb.o
LOAD c:/Users/Jake.Carter/proj/Active/VSCode-Maxim/MaximSDK/New_Project/build/tft.o
LOAD c:/Users/Jake.Carter/proj/Active/VSCode-Maxim/MaximSDK/New_Project/build/touchscreen.o
LOAD c:/Users/Jake.Carter/proj/Active/VSCode-Maxim/MaximSDK/New_Project/build/camera.o
LOAD c:/Users/Jake.Carter/proj/Active/VSCode-Maxim/MaximSDK/New_Project/build/ov7692.o
LOAD c:/Users/Jake.Carter/proj/Active/VSCode-Maxim/MaximSDK/New_Project/build/sccb.o
LOAD c:/Users/Jake.Carter/proj/Active/VSCode-Maxim/MaximSDK/New_Project/build/startup_max78000.o
LOAD c:/Users/Jake.Carter/proj/Active/VSCode-Maxim/MaximSDK/New_Project/build/heap.o
LOAD c:/Users/Jake.Carter/proj/Active/VSCode-Maxim/MaximSDK/New_Project/build/system_max78000.o
START GROUP
LOAD c:/MaximSDK/Libraries/PeriphDrivers/bin/MAX78000/softfp/libPeriphDriver_softfp.a
LOAD c:/maximsdk/tools/gnutools/bin/../lib/gcc/arm-none-eabi/9.2.1/../../../../arm-none-eabi/lib/thumb/v7e-m+fp/softfp\libc.a
LOAD c:/maximsdk/tools/gnutools/bin/../lib/gcc/arm-none-eabi/9.2.1/../../../../arm-none-eabi/lib/thumb/v7e-m+fp/softfp\libm.a
LOAD c:/maximsdk/tools/gnutools/bin/../lib/gcc/arm-none-eabi/9.2.1/../../../../arm-none-eabi/lib/thumb/v7e-m+fp/softfp\libnosys.a
END GROUP
START GROUP
LOAD c:/maximsdk/tools/gnutools/bin/../lib/gcc/arm-none-eabi/9.2.1/thumb/v7e-m+fp/softfp\libgcc.a
LOAD c:/maximsdk/tools/gnutools/bin/../lib/gcc/arm-none-eabi/9.2.1/../../../../arm-none-eabi/lib/thumb/v7e-m+fp/softfp\libc.a
END GROUP
LOAD c:/maximsdk/tools/gnutools/bin/../lib/gcc/arm-none-eabi/9.2.1/thumb/v7e-m+fp/softfp/crtend.o
LOAD c:/maximsdk/tools/gnutools/bin/../lib/gcc/arm-none-eabi/9.2.1/thumb/v7e-m+fp/softfp/crtn.o

.rom
 *(.rom_vector)
 *(.rom_handlers*)

.text           0x10000000     0x785c
                0x10000000                _text = .
 *(.isr_vector)
 .isr_vector    0x10000000      0x1e0 c:/Users/Jake.Carter/proj/Active/VSCode-Maxim/MaximSDK/New_Project/build/startup_max78000.o
                0x10000000                __isr_vector
 *(.text*)
 .text          0x100001e0       0x40 c:/maximsdk/tools/gnutools/bin/../lib/gcc/arm-none-eabi/9.2.1/thumb/v7e-m+fp/softfp/crtbegin.o
 .text.main     0x10000220       0x40 c:/Users/Jake.Carter/proj/Active/VSCode-Maxim/MaximSDK/New_Project/build/main.o
                0x10000220                main
 .text.mxc_assert
                0x10000260       0x10 c:/Users/Jake.Carter/proj/Active/VSCode-Maxim/MaximSDK/New_Project/build/board.o
                0x10000260                mxc_assert
 .text.Console_Init
                0x10000270       0x18 c:/Users/Jake.Carter/proj/Active/VSCode-Maxim/MaximSDK/New_Project/build/board.o
                0x10000270                Console_Init
 .text.Board_Init
                0x10000288       0x64 c:/Users/Jake.Carter/proj/Active/VSCode-Maxim/MaximSDK/New_Project/build/board.o
                0x10000288                Board_Init
 .text.NMI_Handler
                0x100002ec        0x4 c:/Users/Jake.Carter/proj/Active/VSCode-Maxim/MaximSDK/New_Project/build/board.o
                0x100002ec                NMI_Handler
 .text._close   0x100002f0        0x6 c:/Users/Jake.Carter/proj/Active/VSCode-Maxim/MaximSDK/New_Project/build/stdio.o
                0x100002f0                _close
 .text._isatty  0x100002f6        0x6 c:/Users/Jake.Carter/proj/Active/VSCode-Maxim/MaximSDK/New_Project/build/stdio.o
                0x100002f6                _isatty
 .text._lseek   0x100002fc        0x6 c:/Users/Jake.Carter/proj/Active/VSCode-Maxim/MaximSDK/New_Project/build/stdio.o
                0x100002fc                _lseek
 .text._fstat   0x10000302        0x6 c:/Users/Jake.Carter/proj/Active/VSCode-Maxim/MaximSDK/New_Project/build/stdio.o
                0x10000302                _fstat
 .text._read    0x10000308       0x50 c:/Users/Jake.Carter/proj/Active/VSCode-Maxim/MaximSDK/New_Project/build/stdio.o
                0x10000308                _read
 .text._write   0x10000358       0x50 c:/Users/Jake.Carter/proj/Active/VSCode-Maxim/MaximSDK/New_Project/build/stdio.o
                0x10000358                _write
 .text.LED_On   0x100003a8       0x44 c:/Users/Jake.Carter/proj/Active/VSCode-Maxim/MaximSDK/New_Project/build/led.o
                0x100003a8                LED_On
 .text.LED_Off  0x100003ec       0x44 c:/Users/Jake.Carter/proj/Active/VSCode-Maxim/MaximSDK/New_Project/build/led.o
                0x100003ec                LED_Off
 .text.LED_Init
                0x10000430       0x3c c:/Users/Jake.Carter/proj/Active/VSCode-Maxim/MaximSDK/New_Project/build/led.o
                0x10000430                LED_Init
 .text.PB_Init  0x1000046c       0x38 c:/Users/Jake.Carter/proj/Active/VSCode-Maxim/MaximSDK/New_Project/build/pb.o
                0x1000046c                PB_Init
 .text.GPIO0_IRQHandler
                0x100004a4        0xa c:/Users/Jake.Carter/proj/Active/VSCode-Maxim/MaximSDK/New_Project/build/pb.o
                0x100004a4                GPIO0_IRQHandler
 .text.GPIO1_IRQHandler
                0x100004ae        0xa c:/Users/Jake.Carter/proj/Active/VSCode-Maxim/MaximSDK/New_Project/build/pb.o
                0x100004ae                GPIO1_IRQHandler
 .text.GPIO2_IRQHandler
                0x100004b8        0xa c:/Users/Jake.Carter/proj/Active/VSCode-Maxim/MaximSDK/New_Project/build/pb.o
                0x100004b8                GPIO2_IRQHandler
 *fill*         0x100004c2        0x2 
 .text          0x100004c4      0x148 c:/Users/Jake.Carter/proj/Active/VSCode-Maxim/MaximSDK/New_Project/build/startup_max78000.o
                0x100004c4                Reset_Handler
                0x10000502                HardFault_Handler
                0x10000504                MemManage_Handler
                0x10000506                BusFault_Handler
                0x10000508                UsageFault_Handler
                0x1000050a                SVC_Handler
                0x1000050c                DebugMon_Handler
                0x1000050e                PendSV_Handler
                0x10000510                SysTick_Handler
                0x10000512                Default_Handler
                0x10000514                PF_IRQHandler
                0x10000516                WDT0_IRQHandler
                0x10000518                RSV02_IRQHandler
                0x1000051a                RTC_IRQHandler
                0x1000051c                TRNG_IRQHandler
                0x1000051e                TMR0_IRQHandler
                0x10000520                TMR1_IRQHandler
                0x10000522                TMR2_IRQHandler
                0x10000524                TMR3_IRQHandler
                0x10000526                TMR4_IRQHandler
                0x10000528                TMR5_IRQHandler
                0x1000052a                RSV11_IRQHandler
                0x1000052c                RSV12_IRQHandler
                0x1000052e                I2C0_IRQHandler
                0x10000530                UART0_IRQHandler
                0x10000532                UART1_IRQHandler
                0x10000534                SPI1_IRQHandler
                0x10000536                RSV17_IRQHandler
                0x10000538                RSV18_IRQHandler
                0x1000053a                RSV19_IRQHandler
                0x1000053c                ADC_IRQHandler
                0x1000053e                RSV21_IRQHandler
                0x10000540                RSV22_IRQHandler
                0x10000542                FLC0_IRQHandler
                0x1000054a                RSV27_IRQHandler
                0x1000054c                DMA0_IRQHandler
                0x1000054e                DMA1_IRQHandler
                0x10000550                DMA2_IRQHandler
                0x10000552                DMA3_IRQHandler
                0x10000554                RSV32_IRQHandler
                0x10000556                RSV33_IRQHandler
                0x10000558                UART2_IRQHandler
                0x1000055a                RSV35_IRQHandler
                0x1000055c                I2C1_IRQHandler
                0x1000055e                RSV37_IRQHandler
                0x10000560                RSV38_IRQHandler
                0x10000562                RSV39_IRQHandler
                0x10000564                RSV40_IRQHandler
                0x10000566                RSV41_IRQHandler
                0x10000568                RSV42_IRQHandler
                0x1000056a                RSV43_IRQHandler
                0x1000056c                RSV44_IRQHandler
                0x1000056e                RSV45_IRQHandler
                0x10000570                RSV46_IRQHandler
                0x10000572                RSV47_IRQHandler
                0x10000574                RSV48_IRQHandler
                0x10000576                RSV49_IRQHandler
                0x10000578                RSV50_IRQHandler
                0x1000057a                RSV51_IRQHandler
                0x1000057c                RSV52_IRQHandler
                0x1000057e                WUT_IRQHandler
                0x10000580                GPIOWAKE_IRQHandler
                0x10000582                RSV55_IRQHandler
                0x10000584                SPI0_IRQHandler
                0x10000586                WDT1_IRQHandler
                0x10000588                RSV58_IRQHandler
                0x1000058a                PT_IRQHandler
                0x1000058c                RSV60_IRQHandler
                0x1000058e                RSV61_IRQHandler
                0x10000590                I2C2_IRQHandler
                0x10000592                RISCV_IRQHandler
                0x10000594                RSV64_IRQHandler
                0x10000596                RSV65_IRQHandler
                0x10000598                RSV66_IRQHandler
                0x1000059a                OWM_IRQHandler
                0x1000059c                RSV68_IRQHandler
                0x1000059e                RSV69_IRQHandler
                0x100005a0                RSV70_IRQHandler
                0x100005a2                RSV71_IRQHandler
                0x100005a4                RSV72_IRQHandler
                0x100005a6                RSV73_IRQHandler
                0x100005a8                RSV74_IRQHandler
                0x100005aa                RSV75_IRQHandler
                0x100005ac                RSV76_IRQHandler
                0x100005ae                RSV77_IRQHandler
                0x100005b0                RSV78_IRQHandler
                0x100005b2                RSV79_IRQHandler
                0x100005b4                RSV80_IRQHandler
                0x100005b6                RSV81_IRQHandler
                0x100005b8                ECC_IRQHandler
                0x100005ba                DVS_IRQHandler
                0x100005bc                SIMO_IRQHandler
                0x100005be                RSV85_IRQHandler
                0x100005c0                RSV86_IRQHandler
                0x100005c2                RSV87_IRQHandler
                0x100005c4                UART3_IRQHandler
                0x100005c6                RSV89_IRQHandler
                0x100005c8                RSV90_IRQHandler
                0x100005ca                PCIF_IRQHandler
                0x100005cc                RSV92_IRQHandler
                0x100005ce                RSV93_IRQHandler
                0x100005d0                RSV94_IRQHandler
                0x100005d2                RSV95_IRQHandler
                0x100005d4                RSV96_IRQHandler
                0x100005d6                AES_IRQHandler
                0x100005d8                RSV98_IRQHandler
                0x100005da                I2S_IRQHandler
                0x100005dc                CNN_FIFO_IRQHandler
                0x100005de                CNN_IRQHandler
                0x100005e0                RSV102_IRQHandler
                0x100005e2                LPCMP_IRQHandler
 .text._sbrk    0x1000060c       0x40 c:/Users/Jake.Carter/proj/Active/VSCode-Maxim/MaximSDK/New_Project/build/heap.o
                0x1000060c                _sbrk
 .text.SystemCoreClockUpdate
                0x1000064c       0x74 c:/Users/Jake.Carter/proj/Active/VSCode-Maxim/MaximSDK/New_Project/build/system_max78000.o
                0x1000064c                SystemCoreClockUpdate
 .text.PreInit  0x100006c0        0x4 c:/Users/Jake.Carter/proj/Active/VSCode-Maxim/MaximSDK/New_Project/build/system_max78000.o
                0x100006c0                PreInit
 .text.SystemInit
                0x100006c4       0x38 c:/Users/Jake.Carter/proj/Active/VSCode-Maxim/MaximSDK/New_Project/build/system_max78000.o
                0x100006c4                SystemInit
 .text.MXC_DelayInit
                0x100006fc       0x80 c:/MaximSDK/Libraries/PeriphDrivers/bin/MAX78000/softfp/libPeriphDriver_softfp.a(mxc_delay.o)
 .text.MXC_DelayAsync
                0x1000077c       0x3c c:/MaximSDK/Libraries/PeriphDrivers/bin/MAX78000/softfp/libPeriphDriver_softfp.a(mxc_delay.o)
                0x1000077c                MXC_DelayAsync
 .text.MXC_DelayCheck
                0x100007b8       0x74 c:/MaximSDK/Libraries/PeriphDrivers/bin/MAX78000/softfp/libPeriphDriver_softfp.a(mxc_delay.o)
                0x100007b8                MXC_DelayCheck
 .text.MXC_DelayAbort
                0x1000082c       0x34 c:/MaximSDK/Libraries/PeriphDrivers/bin/MAX78000/softfp/libPeriphDriver_softfp.a(mxc_delay.o)
                0x1000082c                MXC_DelayAbort
 .text.MXC_Delay
                0x10000860       0x74 c:/MaximSDK/Libraries/PeriphDrivers/bin/MAX78000/softfp/libPeriphDriver_softfp.a(mxc_delay.o)
                0x10000860                MXC_Delay
 .text.MXC_SYS_ClockDisable
                0x100008d4       0x44 c:/MaximSDK/Libraries/PeriphDrivers/bin/MAX78000/softfp/libPeriphDriver_softfp.a(sys_ai85.o)
                0x100008d4                MXC_SYS_ClockDisable
 .text.MXC_SYS_ClockEnable
                0x10000918       0x4c c:/MaximSDK/Libraries/PeriphDrivers/bin/MAX78000/softfp/libPeriphDriver_softfp.a(sys_ai85.o)
                0x10000918                MXC_SYS_ClockEnable
 .text.MXC_SYS_Clock_Timeout
                0x10000964       0x30 c:/MaximSDK/Libraries/PeriphDrivers/bin/MAX78000/softfp/libPeriphDriver_softfp.a(sys_ai85.o)
                0x10000964                MXC_SYS_Clock_Timeout
 .text.MXC_SYS_ClockSourceEnable
                0x10000994       0x74 c:/MaximSDK/Libraries/PeriphDrivers/bin/MAX78000/softfp/libPeriphDriver_softfp.a(sys_ai85.o)
                0x10000994                MXC_SYS_ClockSourceEnable
 .text.MXC_SYS_Reset_Periph
                0x10000a08       0x50 c:/MaximSDK/Libraries/PeriphDrivers/bin/MAX78000/softfp/libPeriphDriver_softfp.a(sys_ai85.o)
                0x10000a08                MXC_SYS_Reset_Periph
 .text.MXC_GPIO_Init
                0x10000a58       0x30 c:/MaximSDK/Libraries/PeriphDrivers/bin/MAX78000/softfp/libPeriphDriver_softfp.a(gpio_ai85.o)
                0x10000a58                MXC_GPIO_Init
 .text.MXC_GPIO_Config
                0x10000a88      0x1f4 c:/MaximSDK/Libraries/PeriphDrivers/bin/MAX78000/softfp/libPeriphDriver_softfp.a(gpio_ai85.o)
                0x10000a88                MXC_GPIO_Config
 .text.MXC_GPIO_OutSet
                0x10000c7c       0x34 c:/MaximSDK/Libraries/PeriphDrivers/bin/MAX78000/softfp/libPeriphDriver_softfp.a(gpio_ai85.o)
                0x10000c7c                MXC_GPIO_OutSet
 .text.MXC_GPIO_OutClr
                0x10000cb0       0x34 c:/MaximSDK/Libraries/PeriphDrivers/bin/MAX78000/softfp/libPeriphDriver_softfp.a(gpio_ai85.o)
                0x10000cb0                MXC_GPIO_OutClr
 .text.MXC_GPIO_Handler
                0x10000ce4        0x4 c:/MaximSDK/Libraries/PeriphDrivers/bin/MAX78000/softfp/libPeriphDriver_softfp.a(gpio_ai85.o)
                0x10000ce4                MXC_GPIO_Handler
 .text.MXC_GPIO_ClearFlags
                0x10000ce8        0x4 c:/MaximSDK/Libraries/PeriphDrivers/bin/MAX78000/softfp/libPeriphDriver_softfp.a(gpio_ai85.o)
                0x10000ce8                MXC_GPIO_ClearFlags
 .text.MXC_GPIO_GetFlags
                0x10000cec        0x4 c:/MaximSDK/Libraries/PeriphDrivers/bin/MAX78000/softfp/libPeriphDriver_softfp.a(gpio_ai85.o)
                0x10000cec                MXC_GPIO_GetFlags
 .text.MXC_GPIO_RevA_OutSet
                0x10000cf0        0x4 c:/MaximSDK/Libraries/PeriphDrivers/bin/MAX78000/softfp/libPeriphDriver_softfp.a(gpio_reva.o)
                0x10000cf0                MXC_GPIO_RevA_OutSet
 .text.MXC_GPIO_RevA_OutClr
                0x10000cf4        0x4 c:/MaximSDK/Libraries/PeriphDrivers/bin/MAX78000/softfp/libPeriphDriver_softfp.a(gpio_reva.o)
                0x10000cf4                MXC_GPIO_RevA_OutClr
 .text.MXC_GPIO_RevA_ClearFlags
                0x10000cf8        0x4 c:/MaximSDK/Libraries/PeriphDrivers/bin/MAX78000/softfp/libPeriphDriver_softfp.a(gpio_reva.o)
                0x10000cf8                MXC_GPIO_RevA_ClearFlags
 .text.MXC_GPIO_RevA_GetFlags
                0x10000cfc        0x4 c:/MaximSDK/Libraries/PeriphDrivers/bin/MAX78000/softfp/libPeriphDriver_softfp.a(gpio_reva.o)
                0x10000cfc                MXC_GPIO_RevA_GetFlags
 .text.MXC_GPIO_RevA_SetVSSEL
                0x10000d00       0x30 c:/MaximSDK/Libraries/PeriphDrivers/bin/MAX78000/softfp/libPeriphDriver_softfp.a(gpio_reva.o)
                0x10000d00                MXC_GPIO_RevA_SetVSSEL
 .text.MXC_GPIO_RevA_SetAF
                0x10000d30       0x58 c:/MaximSDK/Libraries/PeriphDrivers/bin/MAX78000/softfp/libPeriphDriver_softfp.a(gpio_reva.o)
                0x10000d30                MXC_GPIO_RevA_SetAF
 .text.MXC_ICC_Enable
                0x10000d88        0x4 c:/MaximSDK/Libraries/PeriphDrivers/bin/MAX78000/softfp/libPeriphDriver_softfp.a(icc_me17.o)
                0x10000d88                MXC_ICC_Enable
 .text.MXC_ICC_RevA_Enable
                0x10000d8c       0x30 c:/MaximSDK/Libraries/PeriphDrivers/bin/MAX78000/softfp/libPeriphDriver_softfp.a(icc_reva.o)
                0x10000d8c                MXC_ICC_RevA_Enable
 .text.MXC_UART_GetFrequency.part.0
                0x10000dbc       0x64 c:/MaximSDK/Libraries/PeriphDrivers/bin/MAX78000/softfp/libPeriphDriver_softfp.a(uart_ai85.o)
 .text.MXC_UART_Shutdown
                0x10000e20       0x70 c:/MaximSDK/Libraries/PeriphDrivers/bin/MAX78000/softfp/libPeriphDriver_softfp.a(uart_ai85.o)
                0x10000e20                MXC_UART_Shutdown
 .text.MXC_UART_Init
                0x10000e90       0xb8 c:/MaximSDK/Libraries/PeriphDrivers/bin/MAX78000/softfp/libPeriphDriver_softfp.a(uart_ai85.o)
                0x10000e90                MXC_UART_Init
 .text.MXC_UART_SetFrequency
                0x10000f48       0xc4 c:/MaximSDK/Libraries/PeriphDrivers/bin/MAX78000/softfp/libPeriphDriver_softfp.a(uart_ai85.o)
                0x10000f48                MXC_UART_SetFrequency
 .text.MXC_UART_GetFrequency
                0x1000100c       0x30 c:/MaximSDK/Libraries/PeriphDrivers/bin/MAX78000/softfp/libPeriphDriver_softfp.a(uart_ai85.o)
                0x1000100c                MXC_UART_GetFrequency
 .text.MXC_UART_SetDataSize
                0x1000103c        0x4 c:/MaximSDK/Libraries/PeriphDrivers/bin/MAX78000/softfp/libPeriphDriver_softfp.a(uart_ai85.o)
                0x1000103c                MXC_UART_SetDataSize
 .text.MXC_UART_SetStopBits
                0x10001040        0x4 c:/MaximSDK/Libraries/PeriphDrivers/bin/MAX78000/softfp/libPeriphDriver_softfp.a(uart_ai85.o)
                0x10001040                MXC_UART_SetStopBits
 .text.MXC_UART_SetParity
                0x10001044        0x4 c:/MaximSDK/Libraries/PeriphDrivers/bin/MAX78000/softfp/libPeriphDriver_softfp.a(uart_ai85.o)
                0x10001044                MXC_UART_SetParity
 .text.MXC_UART_ReadCharacterRaw
                0x10001048        0x4 c:/MaximSDK/Libraries/PeriphDrivers/bin/MAX78000/softfp/libPeriphDriver_softfp.a(uart_ai85.o)
                0x10001048                MXC_UART_ReadCharacterRaw
 .text.MXC_UART_WriteCharacterRaw
                0x1000104c        0x4 c:/MaximSDK/Libraries/PeriphDrivers/bin/MAX78000/softfp/libPeriphDriver_softfp.a(uart_ai85.o)
                0x1000104c                MXC_UART_WriteCharacterRaw
 .text.MXC_UART_ReadCharacter
                0x10001050        0x4 c:/MaximSDK/Libraries/PeriphDrivers/bin/MAX78000/softfp/libPeriphDriver_softfp.a(uart_ai85.o)
                0x10001050                MXC_UART_ReadCharacter
 .text.MXC_UART_WriteCharacter
                0x10001054        0x4 c:/MaximSDK/Libraries/PeriphDrivers/bin/MAX78000/softfp/libPeriphDriver_softfp.a(uart_ai85.o)
                0x10001054                MXC_UART_WriteCharacter
 .text.MXC_UART_GetRXFIFOAvailable
                0x10001058        0x4 c:/MaximSDK/Libraries/PeriphDrivers/bin/MAX78000/softfp/libPeriphDriver_softfp.a(uart_ai85.o)
                0x10001058                MXC_UART_GetRXFIFOAvailable
 .text.MXC_UART_GetTXFIFOAvailable
                0x1000105c        0x4 c:/MaximSDK/Libraries/PeriphDrivers/bin/MAX78000/softfp/libPeriphDriver_softfp.a(uart_ai85.o)
                0x1000105c                MXC_UART_GetTXFIFOAvailable
 .text.MXC_UART_SetRXThreshold
                0x10001060        0x4 c:/MaximSDK/Libraries/PeriphDrivers/bin/MAX78000/softfp/libPeriphDriver_softfp.a(uart_ai85.o)
                0x10001060                MXC_UART_SetRXThreshold
 .text.MXC_UART_Common_ReadCharacter
                0x10001064       0x18 c:/MaximSDK/Libraries/PeriphDrivers/bin/MAX78000/softfp/libPeriphDriver_softfp.a(uart_common.o)
                0x10001064                MXC_UART_Common_ReadCharacter
 .text.MXC_UART_Common_WriteCharacter
                0x1000107c       0x1c c:/MaximSDK/Libraries/PeriphDrivers/bin/MAX78000/softfp/libPeriphDriver_softfp.a(uart_common.o)
                0x1000107c                MXC_UART_Common_WriteCharacter
 .text.MXC_UART_RevB_Init
                0x10001098       0x70 c:/MaximSDK/Libraries/PeriphDrivers/bin/MAX78000/softfp/libPeriphDriver_softfp.a(uart_revb.o)
                0x10001098                MXC_UART_RevB_Init
 .text.MXC_UART_RevB_SetFrequency
                0x10001108       0x9c c:/MaximSDK/Libraries/PeriphDrivers/bin/MAX78000/softfp/libPeriphDriver_softfp.a(uart_revb.o)
                0x10001108                MXC_UART_RevB_SetFrequency
 .text.MXC_UART_RevB_GetFrequency
                0x100011a4       0x74 c:/MaximSDK/Libraries/PeriphDrivers/bin/MAX78000/softfp/libPeriphDriver_softfp.a(uart_revb.o)
                0x100011a4                MXC_UART_RevB_GetFrequency
 .text.MXC_UART_RevB_SetDataSize
                0x10001218       0x40 c:/MaximSDK/Libraries/PeriphDrivers/bin/MAX78000/softfp/libPeriphDriver_softfp.a(uart_revb.o)
                0x10001218                MXC_UART_RevB_SetDataSize
 .text.MXC_UART_RevB_SetStopBits
                0x10001258       0x4c c:/MaximSDK/Libraries/PeriphDrivers/bin/MAX78000/softfp/libPeriphDriver_softfp.a(uart_revb.o)
                0x10001258                MXC_UART_RevB_SetStopBits
 .text.MXC_UART_RevB_SetParity
                0x100012a4       0x9c c:/MaximSDK/Libraries/PeriphDrivers/bin/MAX78000/softfp/libPeriphDriver_softfp.a(uart_revb.o)
                0x100012a4                MXC_UART_RevB_SetParity
 .text.MXC_UART_RevB_ReadCharacterRaw
                0x10001340       0x38 c:/MaximSDK/Libraries/PeriphDrivers/bin/MAX78000/softfp/libPeriphDriver_softfp.a(uart_revb.o)
                0x10001340                MXC_UART_RevB_ReadCharacterRaw
 .text.MXC_UART_RevB_WriteCharacterRaw
                0x10001378       0x3c c:/MaximSDK/Libraries/PeriphDrivers/bin/MAX78000/softfp/libPeriphDriver_softfp.a(uart_revb.o)
                0x10001378                MXC_UART_RevB_WriteCharacterRaw
 .text.MXC_UART_RevB_GetRXFIFOAvailable
                0x100013b4        0x8 c:/MaximSDK/Libraries/PeriphDrivers/bin/MAX78000/softfp/libPeriphDriver_softfp.a(uart_revb.o)
                0x100013b4                MXC_UART_RevB_GetRXFIFOAvailable
 .text.MXC_UART_RevB_GetTXFIFOAvailable
                0x100013bc        0xc c:/MaximSDK/Libraries/PeriphDrivers/bin/MAX78000/softfp/libPeriphDriver_softfp.a(uart_revb.o)
                0x100013bc                MXC_UART_RevB_GetTXFIFOAvailable
 .text.MXC_UART_RevB_SetRXThreshold
                0x100013c8       0x3c c:/MaximSDK/Libraries/PeriphDrivers/bin/MAX78000/softfp/libPeriphDriver_softfp.a(uart_revb.o)
                0x100013c8                MXC_UART_RevB_SetRXThreshold
 .text.MXC_GPIO_Common_Init
                0x10001404       0x3c c:/MaximSDK/Libraries/PeriphDrivers/bin/MAX78000/softfp/libPeriphDriver_softfp.a(gpio_common.o)
                0x10001404                MXC_GPIO_Common_Init
 .text.MXC_GPIO_Common_Handler
                0x10001440       0x88 c:/MaximSDK/Libraries/PeriphDrivers/bin/MAX78000/softfp/libPeriphDriver_softfp.a(gpio_common.o)
                0x10001440                MXC_GPIO_Common_Handler
 .text.__errno  0x100014c8        0xc c:/maximsdk/tools/gnutools/bin/../lib/gcc/arm-none-eabi/9.2.1/../../../../arm-none-eabi/lib/thumb/v7e-m+fp/softfp\libc.a(lib_a-errno.o)
                0x100014c8                __errno
 .text.__libc_init_array
                0x100014d4       0x48 c:/maximsdk/tools/gnutools/bin/../lib/gcc/arm-none-eabi/9.2.1/../../../../arm-none-eabi/lib/thumb/v7e-m+fp/softfp\libc.a(lib_a-init.o)
                0x100014d4                __libc_init_array
 .text._malloc_r
                0x1000151c      0x574 c:/maximsdk/tools/gnutools/bin/../lib/gcc/arm-none-eabi/9.2.1/../../../../arm-none-eabi/lib/thumb/v7e-m+fp/softfp\libc.a(lib_a-mallocr.o)
                0x1000151c                _malloc_r
 .text          0x10001a90      0x134 c:/maximsdk/tools/gnutools/bin/../lib/gcc/arm-none-eabi/9.2.1/../../../../arm-none-eabi/lib/thumb/v7e-m+fp/softfp\libc.a(lib_a-memcpy.o)
                0x10001a90                memcpy
 .text.memset   0x10001bc4       0xa0 c:/maximsdk/tools/gnutools/bin/../lib/gcc/arm-none-eabi/9.2.1/../../../../arm-none-eabi/lib/thumb/v7e-m+fp/softfp\libc.a(lib_a-memset.o)
                0x10001bc4                memset
 .text.__malloc_lock
                0x10001c64        0xc c:/maximsdk/tools/gnutools/bin/../lib/gcc/arm-none-eabi/9.2.1/../../../../arm-none-eabi/lib/thumb/v7e-m+fp/softfp\libc.a(lib_a-mlock.o)
                0x10001c64                __malloc_lock
 .text.__malloc_unlock
                0x10001c70        0xc c:/maximsdk/tools/gnutools/bin/../lib/gcc/arm-none-eabi/9.2.1/../../../../arm-none-eabi/lib/thumb/v7e-m+fp/softfp\libc.a(lib_a-mlock.o)
                0x10001c70                __malloc_unlock
 .text.printf   0x10001c7c       0x28 c:/maximsdk/tools/gnutools/bin/../lib/gcc/arm-none-eabi/9.2.1/../../../../arm-none-eabi/lib/thumb/v7e-m+fp/softfp\libc.a(lib_a-printf.o)
                0x10001c7c                printf
 .text._puts_r  0x10001ca4       0x9c c:/maximsdk/tools/gnutools/bin/../lib/gcc/arm-none-eabi/9.2.1/../../../../arm-none-eabi/lib/thumb/v7e-m+fp/softfp\libc.a(lib_a-puts.o)
                0x10001ca4                _puts_r
 .text.puts     0x10001d40       0x10 c:/maximsdk/tools/gnutools/bin/../lib/gcc/arm-none-eabi/9.2.1/../../../../arm-none-eabi/lib/thumb/v7e-m+fp/softfp\libc.a(lib_a-puts.o)
                0x10001d40                puts
 .text._sbrk_r  0x10001d50       0x24 c:/maximsdk/tools/gnutools/bin/../lib/gcc/arm-none-eabi/9.2.1/../../../../arm-none-eabi/lib/thumb/v7e-m+fp/softfp\libc.a(lib_a-sbrkr.o)
                0x10001d50                _sbrk_r
 *fill*         0x10001d74        0xc 
 .text          0x10001d80       0xdc c:/maximsdk/tools/gnutools/bin/../lib/gcc/arm-none-eabi/9.2.1/../../../../arm-none-eabi/lib/thumb/v7e-m+fp/softfp\libc.a(lib_a-strlen.o)
                0x10001d80                strlen
 *fill*         0x10001e5c        0x4 
 .text._vfprintf_r
                0x10001e60     0x1bdc c:/maximsdk/tools/gnutools/bin/../lib/gcc/arm-none-eabi/9.2.1/../../../../arm-none-eabi/lib/thumb/v7e-m+fp/softfp\libc.a(lib_a-vfprintf.o)
                0x10001e60                _vfprintf_r
 .text.__sbprintf
                0x10003a3c       0x84 c:/maximsdk/tools/gnutools/bin/../lib/gcc/arm-none-eabi/9.2.1/../../../../arm-none-eabi/lib/thumb/v7e-m+fp/softfp\libc.a(lib_a-vfprintf.o)
 .text.__swsetup_r
                0x10003ac0       0xd0 c:/maximsdk/tools/gnutools/bin/../lib/gcc/arm-none-eabi/9.2.1/../../../../arm-none-eabi/lib/thumb/v7e-m+fp/softfp\libc.a(lib_a-wsetup.o)
                0x10003ac0                __swsetup_r
 .text.startup.register_fini
                0x10003b90       0x14 c:/maximsdk/tools/gnutools/bin/../lib/gcc/arm-none-eabi/9.2.1/../../../../arm-none-eabi/lib/thumb/v7e-m+fp/softfp\libc.a(lib_a-__call_atexit.o)
 .text.atexit   0x10003ba4        0xc c:/maximsdk/tools/gnutools/bin/../lib/gcc/arm-none-eabi/9.2.1/../../../../arm-none-eabi/lib/thumb/v7e-m+fp/softfp\libc.a(lib_a-atexit.o)
                0x10003ba4                atexit
 .text.quorem   0x10003bb0      0x11c c:/maximsdk/tools/gnutools/bin/../lib/gcc/arm-none-eabi/9.2.1/../../../../arm-none-eabi/lib/thumb/v7e-m+fp/softfp\libc.a(lib_a-dtoa.o)
 *fill*         0x10003ccc        0x4 
 .text._dtoa_r  0x10003cd0      0xeec c:/maximsdk/tools/gnutools/bin/../lib/gcc/arm-none-eabi/9.2.1/../../../../arm-none-eabi/lib/thumb/v7e-m+fp/softfp\libc.a(lib_a-dtoa.o)
                0x10003cd0                _dtoa_r
 .text.__sflush_r
                0x10004bbc      0x130 c:/maximsdk/tools/gnutools/bin/../lib/gcc/arm-none-eabi/9.2.1/../../../../arm-none-eabi/lib/thumb/v7e-m+fp/softfp\libc.a(lib_a-fflush.o)
                0x10004bbc                __sflush_r
 .text._fflush_r
                0x10004cec       0x5c c:/maximsdk/tools/gnutools/bin/../lib/gcc/arm-none-eabi/9.2.1/../../../../arm-none-eabi/lib/thumb/v7e-m+fp/softfp\libc.a(lib_a-fflush.o)
                0x10004cec                _fflush_r
 .text.std      0x10004d48       0x50 c:/maximsdk/tools/gnutools/bin/../lib/gcc/arm-none-eabi/9.2.1/../../../../arm-none-eabi/lib/thumb/v7e-m+fp/softfp\libc.a(lib_a-findfp.o)
 .text._cleanup_r
                0x10004d98        0xc c:/maximsdk/tools/gnutools/bin/../lib/gcc/arm-none-eabi/9.2.1/../../../../arm-none-eabi/lib/thumb/v7e-m+fp/softfp\libc.a(lib_a-findfp.o)
                0x10004d98                _cleanup_r
 .text.__sinit  0x10004da4       0x54 c:/maximsdk/tools/gnutools/bin/../lib/gcc/arm-none-eabi/9.2.1/../../../../arm-none-eabi/lib/thumb/v7e-m+fp/softfp\libc.a(lib_a-findfp.o)
                0x10004da4                __sinit
 .text.__sfp_lock_acquire
                0x10004df8        0xc c:/maximsdk/tools/gnutools/bin/../lib/gcc/arm-none-eabi/9.2.1/../../../../arm-none-eabi/lib/thumb/v7e-m+fp/softfp\libc.a(lib_a-findfp.o)
                0x10004df8                __sfp_lock_acquire
 .text.__sfp_lock_release
                0x10004e04        0xc c:/maximsdk/tools/gnutools/bin/../lib/gcc/arm-none-eabi/9.2.1/../../../../arm-none-eabi/lib/thumb/v7e-m+fp/softfp\libc.a(lib_a-findfp.o)
                0x10004e04                __sfp_lock_release
 .text.__libc_fini_array
                0x10004e10       0x2c c:/maximsdk/tools/gnutools/bin/../lib/gcc/arm-none-eabi/9.2.1/../../../../arm-none-eabi/lib/thumb/v7e-m+fp/softfp\libc.a(lib_a-fini.o)
                0x10004e10                __libc_fini_array
 .text._malloc_trim_r
                0x10004e3c       0xa0 c:/maximsdk/tools/gnutools/bin/../lib/gcc/arm-none-eabi/9.2.1/../../../../arm-none-eabi/lib/thumb/v7e-m+fp/softfp\libc.a(lib_a-freer.o)
                0x10004e3c                _malloc_trim_r
 .text._free_r  0x10004edc      0x208 c:/maximsdk/tools/gnutools/bin/../lib/gcc/arm-none-eabi/9.2.1/../../../../arm-none-eabi/lib/thumb/v7e-m+fp/softfp\libc.a(lib_a-freer.o)
                0x10004edc                _free_r
 .text.__sfvwrite_r
                0x100050e4      0x2e0 c:/maximsdk/tools/gnutools/bin/../lib/gcc/arm-none-eabi/9.2.1/../../../../arm-none-eabi/lib/thumb/v7e-m+fp/softfp\libc.a(lib_a-fvwrite.o)
                0x100050e4                __sfvwrite_r
 .text._fwalk_reent
                0x100053c4       0x48 c:/maximsdk/tools/gnutools/bin/../lib/gcc/arm-none-eabi/9.2.1/../../../../arm-none-eabi/lib/thumb/v7e-m+fp/softfp\libc.a(lib_a-fwalk.o)
                0x100053c4                _fwalk_reent
 .text._localeconv_r
                0x1000540c        0x8 c:/maximsdk/tools/gnutools/bin/../lib/gcc/arm-none-eabi/9.2.1/../../../../arm-none-eabi/lib/thumb/v7e-m+fp/softfp\libc.a(lib_a-localeconv.o)
                0x1000540c                _localeconv_r
 .text.__retarget_lock_init_recursive
                0x10005414        0x4 c:/maximsdk/tools/gnutools/bin/../lib/gcc/arm-none-eabi/9.2.1/../../../../arm-none-eabi/lib/thumb/v7e-m+fp/softfp\libc.a(lib_a-lock.o)
                0x10005414                __retarget_lock_init_recursive
 .text.__retarget_lock_close_recursive
                0x10005418        0x4 c:/maximsdk/tools/gnutools/bin/../lib/gcc/arm-none-eabi/9.2.1/../../../../arm-none-eabi/lib/thumb/v7e-m+fp/softfp\libc.a(lib_a-lock.o)
                0x10005418                __retarget_lock_close_recursive
 .text.__retarget_lock_acquire_recursive
                0x1000541c        0x4 c:/maximsdk/tools/gnutools/bin/../lib/gcc/arm-none-eabi/9.2.1/../../../../arm-none-eabi/lib/thumb/v7e-m+fp/softfp\libc.a(lib_a-lock.o)
                0x1000541c                __retarget_lock_acquire_recursive
 .text.__retarget_lock_release_recursive
                0x10005420        0x4 c:/maximsdk/tools/gnutools/bin/../lib/gcc/arm-none-eabi/9.2.1/../../../../arm-none-eabi/lib/thumb/v7e-m+fp/softfp\libc.a(lib_a-lock.o)
                0x10005420                __retarget_lock_release_recursive
 .text.__swhatbuf_r
                0x10005424       0x5c c:/maximsdk/tools/gnutools/bin/../lib/gcc/arm-none-eabi/9.2.1/../../../../arm-none-eabi/lib/thumb/v7e-m+fp/softfp\libc.a(lib_a-makebuf.o)
                0x10005424                __swhatbuf_r
 .text.__smakebuf_r
                0x10005480       0x98 c:/maximsdk/tools/gnutools/bin/../lib/gcc/arm-none-eabi/9.2.1/../../../../arm-none-eabi/lib/thumb/v7e-m+fp/softfp\libc.a(lib_a-makebuf.o)
                0x10005480                __smakebuf_r
 *fill*         0x10005518        0x8 
 .text          0x10005520       0xa0 c:/maximsdk/tools/gnutools/bin/../lib/gcc/arm-none-eabi/9.2.1/../../../../arm-none-eabi/lib/thumb/v7e-m+fp/softfp\libc.a(lib_a-memchr.o)
                0x10005520                memchr
 .text.memmove  0x100055c0       0xd8 c:/maximsdk/tools/gnutools/bin/../lib/gcc/arm-none-eabi/9.2.1/../../../../arm-none-eabi/lib/thumb/v7e-m+fp/softfp\libc.a(lib_a-memmove.o)
                0x100055c0                memmove
 .text._Balloc  0x10005698       0x4c c:/maximsdk/tools/gnutools/bin/../lib/gcc/arm-none-eabi/9.2.1/../../../../arm-none-eabi/lib/thumb/v7e-m+fp/softfp\libc.a(lib_a-mprec.o)
                0x10005698                _Balloc
 .text._Bfree   0x100056e4       0x14 c:/maximsdk/tools/gnutools/bin/../lib/gcc/arm-none-eabi/9.2.1/../../../../arm-none-eabi/lib/thumb/v7e-m+fp/softfp\libc.a(lib_a-mprec.o)
                0x100056e4                _Bfree
 .text.__multadd
                0x100056f8       0x8c c:/maximsdk/tools/gnutools/bin/../lib/gcc/arm-none-eabi/9.2.1/../../../../arm-none-eabi/lib/thumb/v7e-m+fp/softfp\libc.a(lib_a-mprec.o)
                0x100056f8                __multadd
 .text.__hi0bits
                0x10005784       0x40 c:/maximsdk/tools/gnutools/bin/../lib/gcc/arm-none-eabi/9.2.1/../../../../arm-none-eabi/lib/thumb/v7e-m+fp/softfp\libc.a(lib_a-mprec.o)
                0x10005784                __hi0bits
 .text.__lo0bits
                0x100057c4       0x60 c:/maximsdk/tools/gnutools/bin/../lib/gcc/arm-none-eabi/9.2.1/../../../../arm-none-eabi/lib/thumb/v7e-m+fp/softfp\libc.a(lib_a-mprec.o)
                0x100057c4                __lo0bits
 .text.__i2b    0x10005824       0x14 c:/maximsdk/tools/gnutools/bin/../lib/gcc/arm-none-eabi/9.2.1/../../../../arm-none-eabi/lib/thumb/v7e-m+fp/softfp\libc.a(lib_a-mprec.o)
                0x10005824                __i2b
 .text.__multiply
                0x10005838      0x144 c:/maximsdk/tools/gnutools/bin/../lib/gcc/arm-none-eabi/9.2.1/../../../../arm-none-eabi/lib/thumb/v7e-m+fp/softfp\libc.a(lib_a-mprec.o)
                0x10005838                __multiply
 .text.__pow5mult
                0x1000597c       0xa0 c:/maximsdk/tools/gnutools/bin/../lib/gcc/arm-none-eabi/9.2.1/../../../../arm-none-eabi/lib/thumb/v7e-m+fp/softfp\libc.a(lib_a-mprec.o)
                0x1000597c                __pow5mult
 .text.__lshift
                0x10005a1c       0xd4 c:/maximsdk/tools/gnutools/bin/../lib/gcc/arm-none-eabi/9.2.1/../../../../arm-none-eabi/lib/thumb/v7e-m+fp/softfp\libc.a(lib_a-mprec.o)
                0x10005a1c                __lshift
 .text.__mcmp   0x10005af0       0x3c c:/maximsdk/tools/gnutools/bin/../lib/gcc/arm-none-eabi/9.2.1/../../../../arm-none-eabi/lib/thumb/v7e-m+fp/softfp\libc.a(lib_a-mprec.o)
                0x10005af0                __mcmp
 .text.__mdiff  0x10005b2c      0x138 c:/maximsdk/tools/gnutools/bin/../lib/gcc/arm-none-eabi/9.2.1/../../../../arm-none-eabi/lib/thumb/v7e-m+fp/softfp\libc.a(lib_a-mprec.o)
                0x10005b2c                __mdiff
 .text.__d2b    0x10005c64       0xbc c:/maximsdk/tools/gnutools/bin/../lib/gcc/arm-none-eabi/9.2.1/../../../../arm-none-eabi/lib/thumb/v7e-m+fp/softfp\libc.a(lib_a-mprec.o)
                0x10005c64                __d2b
 .text._realloc_r
                0x10005d20      0x3e0 c:/maximsdk/tools/gnutools/bin/../lib/gcc/arm-none-eabi/9.2.1/../../../../arm-none-eabi/lib/thumb/v7e-m+fp/softfp\libc.a(lib_a-reallocr.o)
                0x10005d20                _realloc_r
 .text.frexp    0x10006100       0x70 c:/maximsdk/tools/gnutools/bin/../lib/gcc/arm-none-eabi/9.2.1/../../../../arm-none-eabi/lib/thumb/v7e-m+fp/softfp\libc.a(lib_a-s_frexp.o)
                0x10006100                frexp
 .text.__sread  0x10006170       0x24 c:/maximsdk/tools/gnutools/bin/../lib/gcc/arm-none-eabi/9.2.1/../../../../arm-none-eabi/lib/thumb/v7e-m+fp/softfp\libc.a(lib_a-stdio.o)
                0x10006170                __sread
 .text.__swrite
                0x10006194       0x40 c:/maximsdk/tools/gnutools/bin/../lib/gcc/arm-none-eabi/9.2.1/../../../../arm-none-eabi/lib/thumb/v7e-m+fp/softfp\libc.a(lib_a-stdio.o)
                0x10006194                __swrite
 .text.__sseek  0x100061d4       0x20 c:/maximsdk/tools/gnutools/bin/../lib/gcc/arm-none-eabi/9.2.1/../../../../arm-none-eabi/lib/thumb/v7e-m+fp/softfp\libc.a(lib_a-stdio.o)
                0x100061d4                __sseek
 .text.__sclose
                0x100061f4        0x8 c:/maximsdk/tools/gnutools/bin/../lib/gcc/arm-none-eabi/9.2.1/../../../../arm-none-eabi/lib/thumb/v7e-m+fp/softfp\libc.a(lib_a-stdio.o)
                0x100061f4                __sclose
 .text.strncpy  0x100061fc       0x68 c:/maximsdk/tools/gnutools/bin/../lib/gcc/arm-none-eabi/9.2.1/../../../../arm-none-eabi/lib/thumb/v7e-m+fp/softfp\libc.a(lib_a-strncpy.o)
                0x100061fc                strncpy
 .text.__sprint_r.part.0
                0x10006264       0x78 c:/maximsdk/tools/gnutools/bin/../lib/gcc/arm-none-eabi/9.2.1/../../../../arm-none-eabi/lib/thumb/v7e-m+fp/softfp\libc.a(lib_a-vfiprintf.o)
 .text.__sprint_r
                0x100062dc       0x18 c:/maximsdk/tools/gnutools/bin/../lib/gcc/arm-none-eabi/9.2.1/../../../../arm-none-eabi/lib/thumb/v7e-m+fp/softfp\libc.a(lib_a-vfiprintf.o)
                0x100062dc                __sprint_r
 .text._write_r
                0x100062f4       0x2c c:/maximsdk/tools/gnutools/bin/../lib/gcc/arm-none-eabi/9.2.1/../../../../arm-none-eabi/lib/thumb/v7e-m+fp/softfp\libc.a(lib_a-writer.o)
                0x100062f4                _write_r
 .text.__register_exitproc
                0x10006320       0x8c c:/maximsdk/tools/gnutools/bin/../lib/gcc/arm-none-eabi/9.2.1/../../../../arm-none-eabi/lib/thumb/v7e-m+fp/softfp\libc.a(lib_a-__atexit.o)
                0x10006320                __register_exitproc
 .text._calloc_r
                0x100063ac       0x60 c:/maximsdk/tools/gnutools/bin/../lib/gcc/arm-none-eabi/9.2.1/../../../../arm-none-eabi/lib/thumb/v7e-m+fp/softfp\libc.a(lib_a-callocr.o)
                0x100063ac                _calloc_r
 .text._close_r
                0x1000640c       0x24 c:/maximsdk/tools/gnutools/bin/../lib/gcc/arm-none-eabi/9.2.1/../../../../arm-none-eabi/lib/thumb/v7e-m+fp/softfp\libc.a(lib_a-closer.o)
                0x1000640c                _close_r
 .text._fclose_r
                0x10006430       0xcc c:/maximsdk/tools/gnutools/bin/../lib/gcc/arm-none-eabi/9.2.1/../../../../arm-none-eabi/lib/thumb/v7e-m+fp/softfp\libc.a(lib_a-fclose.o)
                0x10006430                _fclose_r
 .text.__fputwc
                0x100064fc       0xa8 c:/maximsdk/tools/gnutools/bin/../lib/gcc/arm-none-eabi/9.2.1/../../../../arm-none-eabi/lib/thumb/v7e-m+fp/softfp\libc.a(lib_a-fputwc.o)
                0x100064fc                __fputwc
 .text._fputwc_r
                0x100065a4       0x68 c:/maximsdk/tools/gnutools/bin/../lib/gcc/arm-none-eabi/9.2.1/../../../../arm-none-eabi/lib/thumb/v7e-m+fp/softfp\libc.a(lib_a-fputwc.o)
                0x100065a4                _fputwc_r
 .text._fstat_r
                0x1000660c       0x2c c:/maximsdk/tools/gnutools/bin/../lib/gcc/arm-none-eabi/9.2.1/../../../../arm-none-eabi/lib/thumb/v7e-m+fp/softfp\libc.a(lib_a-fstatr.o)
                0x1000660c                _fstat_r
 .text._isatty_r
                0x10006638       0x24 c:/maximsdk/tools/gnutools/bin/../lib/gcc/arm-none-eabi/9.2.1/../../../../arm-none-eabi/lib/thumb/v7e-m+fp/softfp\libc.a(lib_a-isattyr.o)
                0x10006638                _isatty_r
 .text.__locale_mb_cur_max
                0x1000665c        0xc c:/maximsdk/tools/gnutools/bin/../lib/gcc/arm-none-eabi/9.2.1/../../../../arm-none-eabi/lib/thumb/v7e-m+fp/softfp\libc.a(lib_a-locale.o)
                0x1000665c                __locale_mb_cur_max
 .text._lseek_r
                0x10006668       0x2c c:/maximsdk/tools/gnutools/bin/../lib/gcc/arm-none-eabi/9.2.1/../../../../arm-none-eabi/lib/thumb/v7e-m+fp/softfp\libc.a(lib_a-lseekr.o)
                0x10006668                _lseek_r
 .text.__ascii_mbtowc
                0x10006694       0x2c c:/maximsdk/tools/gnutools/bin/../lib/gcc/arm-none-eabi/9.2.1/../../../../arm-none-eabi/lib/thumb/v7e-m+fp/softfp\libc.a(lib_a-mbtowc_r.o)
                0x10006694                __ascii_mbtowc
 .text._read_r  0x100066c0       0x2c c:/maximsdk/tools/gnutools/bin/../lib/gcc/arm-none-eabi/9.2.1/../../../../arm-none-eabi/lib/thumb/v7e-m+fp/softfp\libc.a(lib_a-readr.o)
                0x100066c0                _read_r
 .text.__swbuf_r
                0x100066ec       0xb0 c:/maximsdk/tools/gnutools/bin/../lib/gcc/arm-none-eabi/9.2.1/../../../../arm-none-eabi/lib/thumb/v7e-m+fp/softfp\libc.a(lib_a-wbuf.o)
                0x100066ec                __swbuf_r
 .text._wcrtomb_r
                0x1000679c       0x3c c:/maximsdk/tools/gnutools/bin/../lib/gcc/arm-none-eabi/9.2.1/../../../../arm-none-eabi/lib/thumb/v7e-m+fp/softfp\libc.a(lib_a-wcrtomb.o)
                0x1000679c                _wcrtomb_r
 .text.__ascii_wctomb
                0x100067d8       0x1c c:/maximsdk/tools/gnutools/bin/../lib/gcc/arm-none-eabi/9.2.1/../../../../arm-none-eabi/lib/thumb/v7e-m+fp/softfp\libc.a(lib_a-wctomb_r.o)
                0x100067d8                __ascii_wctomb
 .text          0x100067f4      0x378 c:/maximsdk/tools/gnutools/bin/../lib/gcc/arm-none-eabi/9.2.1/thumb/v7e-m+fp/softfp\libgcc.a(_arm_addsubdf3.o)
                0x100067f4                __aeabi_drsub
                0x100067fc                __aeabi_dsub
                0x100067fc                __subdf3
                0x10006800                __aeabi_dadd
                0x10006800                __adddf3
                0x10006a78                __floatunsidf
                0x10006a78                __aeabi_ui2d
                0x10006a98                __floatsidf
                0x10006a98                __aeabi_i2d
                0x10006abc                __aeabi_f2d
                0x10006abc                __extendsfdf2
                0x10006b00                __floatundidf
                0x10006b00                __aeabi_ul2d
                0x10006b10                __floatdidf
                0x10006b10                __aeabi_l2d
 .text          0x10006b6c      0x424 c:/maximsdk/tools/gnutools/bin/../lib/gcc/arm-none-eabi/9.2.1/thumb/v7e-m+fp/softfp\libgcc.a(_arm_muldivdf3.o)
                0x10006b6c                __aeabi_dmul
                0x10006b6c                __muldf3
                0x10006dc0                __divdf3
                0x10006dc0                __aeabi_ddiv
 .text          0x10006f90      0x110 c:/maximsdk/tools/gnutools/bin/../lib/gcc/arm-none-eabi/9.2.1/thumb/v7e-m+fp/softfp\libgcc.a(_arm_cmpdf2.o)
                0x10006f90                __gtdf2
                0x10006f90                __gedf2
                0x10006f98                __ltdf2
                0x10006f98                __ledf2
                0x10006fa0                __nedf2
                0x10006fa0                __eqdf2
                0x10006fa0                __cmpdf2
                0x1000701c                __aeabi_cdrcmple
                0x1000702c                __aeabi_cdcmpeq
                0x1000702c                __aeabi_cdcmple
                0x1000703c                __aeabi_dcmpeq
                0x10007050                __aeabi_dcmplt
                0x10007064                __aeabi_dcmple
                0x10007078                __aeabi_dcmpge
                0x1000708c                __aeabi_dcmpgt
 .text          0x100070a0       0x2c c:/maximsdk/tools/gnutools/bin/../lib/gcc/arm-none-eabi/9.2.1/thumb/v7e-m+fp/softfp\libgcc.a(_arm_unorddf2.o)
                0x100070a0                __unorddf2
                0x100070a0                __aeabi_dcmpun
 .text          0x100070cc       0x50 c:/maximsdk/tools/gnutools/bin/../lib/gcc/arm-none-eabi/9.2.1/thumb/v7e-m+fp/softfp\libgcc.a(_arm_fixdfsi.o)
                0x100070cc                __aeabi_d2iz
                0x100070cc                __fixdfsi
 .text          0x1000711c       0x30 c:/maximsdk/tools/gnutools/bin/../lib/gcc/arm-none-eabi/9.2.1/thumb/v7e-m+fp/softfp\libgcc.a(_aeabi_uldivmod.o)
                0x1000711c                __aeabi_uldivmod
 .text          0x1000714c      0x2c4 c:/maximsdk/tools/gnutools/bin/../lib/gcc/arm-none-eabi/9.2.1/thumb/v7e-m+fp/softfp\libgcc.a(_udivmoddi4.o)
                0x1000714c                __udivmoddi4
 .text          0x10007410        0x4 c:/maximsdk/tools/gnutools/bin/../lib/gcc/arm-none-eabi/9.2.1/thumb/v7e-m+fp/softfp\libgcc.a(_dvmd_tls.o)
                0x10007410                __aeabi_idiv0
                0x10007410                __aeabi_ldiv0
 *(.rodata*)
 .rodata.main.str1.4
                0x10007414       0x1c c:/Users/Jake.Carter/proj/Active/VSCode-Maxim/MaximSDK/New_Project/build/main.o
 .rodata.mxc_assert.str1.4
                0x10007430       0x19 c:/Users/Jake.Carter/proj/Active/VSCode-Maxim/MaximSDK/New_Project/build/board.o
 *fill*         0x10007449        0x3 
 .rodata.Board_Init.str1.4
                0x1000744c       0x45 c:/Users/Jake.Carter/proj/Active/VSCode-Maxim/MaximSDK/New_Project/build/board.o
 *fill*         0x10007491        0x3 
 .rodata.led_pin
                0x10007494       0x18 c:/Users/Jake.Carter/proj/Active/VSCode-Maxim/MaximSDK/New_Project/build/board.o
                0x10007494                led_pin
 .rodata.num_leds
                0x100074ac        0x4 c:/Users/Jake.Carter/proj/Active/VSCode-Maxim/MaximSDK/New_Project/build/board.o
                0x100074ac                num_leds
 .rodata.num_pbs
                0x100074b0        0x4 c:/Users/Jake.Carter/proj/Active/VSCode-Maxim/MaximSDK/New_Project/build/board.o
                0x100074b0                num_pbs
 .rodata.pb_pin
                0x100074b4       0x18 c:/Users/Jake.Carter/proj/Active/VSCode-Maxim/MaximSDK/New_Project/build/board.o
                0x100074b4                pb_pin
 .rodata.LED_On.str1.4
                0x100074cc       0x4f c:/Users/Jake.Carter/proj/Active/VSCode-Maxim/MaximSDK/New_Project/build/led.o
 *fill*         0x1000751b        0x1 
 .rodata.gpio_cfg_uart0
                0x1000751c        0xc c:/MaximSDK/Libraries/PeriphDrivers/bin/MAX78000/softfp/libPeriphDriver_softfp.a(pins_ai85.o)
                0x1000751c                gpio_cfg_uart0
 .rodata.gpio_cfg_uart1
                0x10007528        0xc c:/MaximSDK/Libraries/PeriphDrivers/bin/MAX78000/softfp/libPeriphDriver_softfp.a(pins_ai85.o)
                0x10007528                gpio_cfg_uart1
 .rodata.gpio_cfg_uart2
                0x10007534        0xc c:/MaximSDK/Libraries/PeriphDrivers/bin/MAX78000/softfp/libPeriphDriver_softfp.a(pins_ai85.o)
                0x10007534                gpio_cfg_uart2
 .rodata.gpio_cfg_uart3
                0x10007540        0xc c:/MaximSDK/Libraries/PeriphDrivers/bin/MAX78000/softfp/libPeriphDriver_softfp.a(pins_ai85.o)
                0x10007540                gpio_cfg_uart3
 .rodata.MXC_GPIO_Common_Handler.str1.4
                0x1000754c       0x66 c:/MaximSDK/Libraries/PeriphDrivers/bin/MAX78000/softfp/libPeriphDriver_softfp.a(gpio_common.o)
 *fill*         0x100075b2        0x2 
 .rodata._global_impure_ptr
                0x100075b4        0x4 c:/maximsdk/tools/gnutools/bin/../lib/gcc/arm-none-eabi/9.2.1/../../../../arm-none-eabi/lib/thumb/v7e-m+fp/softfp\libc.a(lib_a-impure.o)
                0x100075b4                _global_impure_ptr
 .rodata._puts_r.str1.4
                0x100075b8        0x2 c:/maximsdk/tools/gnutools/bin/../lib/gcc/arm-none-eabi/9.2.1/../../../../arm-none-eabi/lib/thumb/v7e-m+fp/softfp\libc.a(lib_a-puts.o)
 *fill*         0x100075ba        0x2 
 .rodata._vfprintf_r.str1.4
                0x100075bc       0x42 c:/maximsdk/tools/gnutools/bin/../lib/gcc/arm-none-eabi/9.2.1/../../../../arm-none-eabi/lib/thumb/v7e-m+fp/softfp\libc.a(lib_a-vfprintf.o)
 *fill*         0x100075fe        0x2 
 .rodata.blanks.8723
                0x10007600       0x10 c:/maximsdk/tools/gnutools/bin/../lib/gcc/arm-none-eabi/9.2.1/../../../../arm-none-eabi/lib/thumb/v7e-m+fp/softfp\libc.a(lib_a-vfprintf.o)
 .rodata.zeroes.8724
                0x10007610       0x10 c:/maximsdk/tools/gnutools/bin/../lib/gcc/arm-none-eabi/9.2.1/../../../../arm-none-eabi/lib/thumb/v7e-m+fp/softfp\libc.a(lib_a-vfprintf.o)
 .rodata._dtoa_r.str1.4
                0x10007620        0xd c:/maximsdk/tools/gnutools/bin/../lib/gcc/arm-none-eabi/9.2.1/../../../../arm-none-eabi/lib/thumb/v7e-m+fp/softfp\libc.a(lib_a-dtoa.o)
                                 0x12 (size before relaxing)
 *fill*         0x1000762d        0x3 
 .rodata.__mprec_bigtens
                0x10007630       0x28 c:/maximsdk/tools/gnutools/bin/../lib/gcc/arm-none-eabi/9.2.1/../../../../arm-none-eabi/lib/thumb/v7e-m+fp/softfp\libc.a(lib_a-mprec.o)
                0x10007630                __mprec_bigtens
 .rodata.__mprec_tens
                0x10007658       0xc8 c:/maximsdk/tools/gnutools/bin/../lib/gcc/arm-none-eabi/9.2.1/../../../../arm-none-eabi/lib/thumb/v7e-m+fp/softfp\libc.a(lib_a-mprec.o)
                0x10007658                __mprec_tens
 .rodata.p05.7478
                0x10007720        0xc c:/maximsdk/tools/gnutools/bin/../lib/gcc/arm-none-eabi/9.2.1/../../../../arm-none-eabi/lib/thumb/v7e-m+fp/softfp\libc.a(lib_a-mprec.o)
 .rodata._setlocale_r.str1.4
                0x1000772c        0xa c:/maximsdk/tools/gnutools/bin/../lib/gcc/arm-none-eabi/9.2.1/../../../../arm-none-eabi/lib/thumb/v7e-m+fp/softfp\libc.a(lib_a-locale.o)
                                  0xd (size before relaxing)
 *fill*         0x10007736        0x2 
 .rodata.str1.4
                0x10007738        0x2 c:/maximsdk/tools/gnutools/bin/../lib/gcc/arm-none-eabi/9.2.1/../../../../arm-none-eabi/lib/thumb/v7e-m+fp/softfp\libc.a(lib_a-locale.o)
 *fill*         0x1000773a        0x2 
 .rodata._ctype_
                0x1000773c      0x101 c:/maximsdk/tools/gnutools/bin/../lib/gcc/arm-none-eabi/9.2.1/../../../../arm-none-eabi/lib/thumb/v7e-m+fp/softfp\libc.a(lib_a-ctype_.o)
                0x1000773c                _ctype_
 *(.init)
 *fill*         0x1000783d        0x3 
 .init          0x10007840        0x4 c:/maximsdk/tools/gnutools/bin/../lib/gcc/arm-none-eabi/9.2.1/thumb/v7e-m+fp/softfp/crti.o
                0x10007840                _init
 .init          0x10007844        0x8 c:/maximsdk/tools/gnutools/bin/../lib/gcc/arm-none-eabi/9.2.1/thumb/v7e-m+fp/softfp/crtn.o
 *(.fini)
 .fini          0x1000784c        0x4 c:/maximsdk/tools/gnutools/bin/../lib/gcc/arm-none-eabi/9.2.1/thumb/v7e-m+fp/softfp/crti.o
                0x1000784c                _fini
 .fini          0x10007850        0x8 c:/maximsdk/tools/gnutools/bin/../lib/gcc/arm-none-eabi/9.2.1/thumb/v7e-m+fp/softfp/crtn.o
 *(.eh_frame*)
 .eh_frame      0x10007858        0x0 c:/maximsdk/tools/gnutools/bin/../lib/gcc/arm-none-eabi/9.2.1/thumb/v7e-m+fp/softfp/crtbegin.o
 .eh_frame      0x10007858        0x4 c:/maximsdk/tools/gnutools/bin/../lib/gcc/arm-none-eabi/9.2.1/thumb/v7e-m+fp/softfp/crtend.o
                0x1000785c                _etext = .

.glue_7         0x1000785c        0x0
 .glue_7        0x1000785c        0x0 linker stubs

.glue_7t        0x1000785c        0x0
 .glue_7t       0x1000785c        0x0 linker stubs

.vfp11_veneer   0x1000785c        0x0
 .vfp11_veneer  0x1000785c        0x0 linker stubs

.v4_bx          0x1000785c        0x0
 .v4_bx         0x1000785c        0x0 linker stubs

.iplt           0x1000785c        0x0
 .iplt          0x1000785c        0x0 c:/maximsdk/tools/gnutools/bin/../lib/gcc/arm-none-eabi/9.2.1/thumb/v7e-m+fp/softfp/crtbegin.o

.bin_storage    0x1000785c        0x0
 FILL mask 0xff
                0x1000785c                _bin_start_ = .
 *(.bin_storage_img)
                0x1000785c                _bin_end_ = .
                0x1000785c                . = ALIGN (0x4)

.rom_code       0x00000000        0x0
                0x00000000                . = ALIGN (0x10)
                0x20000000                _sran_code = .
 *(.rom_code_section)
                0x20000000                _esran_code = .

.flash_code     0x1000785c        0x4
                0x10007860                . = ALIGN (0x10)
 *fill*         0x1000785c        0x4 
                0x20000000                _sran_code = .
 *(.flash_code_section)
                0x20000000                _esran_code = .

.sram_code      0x20000000        0x0
                0x20000000                . = ALIGN (0x10)
                0x20000000                _sran_code = .
 *(.sram_code_section)
                0x20000000                _esran_code = .

.ARM.exidx      0x10007860        0x8
                0x10007860                __exidx_start = .
 *(.ARM.exidx*)
 .ARM.exidx     0x10007860        0x8 c:/maximsdk/tools/gnutools/bin/../lib/gcc/arm-none-eabi/9.2.1/thumb/v7e-m+fp/softfp\libgcc.a(_udivmoddi4.o)
                0x10007868                __exidx_end = .

.rel.dyn        0x10007868        0x0
 .rel.iplt      0x10007868        0x0 c:/maximsdk/tools/gnutools/bin/../lib/gcc/arm-none-eabi/9.2.1/thumb/v7e-m+fp/softfp/crtbegin.o

.data           0x20000000      0x9c4 load address 0x10007868
                0x20000000                _data = ALIGN (., 0x4)
 *(.data*)
 .data.ConsoleUart
                0x20000000        0x4 c:/Users/Jake.Carter/proj/Active/VSCode-Maxim/MaximSDK/New_Project/build/board.o
                0x20000000                ConsoleUart
 .data.overflows
                0x20000004        0x4 c:/MaximSDK/Libraries/PeriphDrivers/bin/MAX78000/softfp/libPeriphDriver_softfp.a(mxc_delay.o)
 .data._impure_ptr
                0x20000008        0x4 c:/maximsdk/tools/gnutools/bin/../lib/gcc/arm-none-eabi/9.2.1/../../../../arm-none-eabi/lib/thumb/v7e-m+fp/softfp\libc.a(lib_a-impure.o)
                0x20000008                _impure_ptr
 *fill*         0x2000000c        0x4 
 .data.impure_data
                0x20000010      0x428 c:/maximsdk/tools/gnutools/bin/../lib/gcc/arm-none-eabi/9.2.1/../../../../arm-none-eabi/lib/thumb/v7e-m+fp/softfp\libc.a(lib_a-impure.o)
 .data.__malloc_av_
                0x20000438      0x408 c:/maximsdk/tools/gnutools/bin/../lib/gcc/arm-none-eabi/9.2.1/../../../../arm-none-eabi/lib/thumb/v7e-m+fp/softfp\libc.a(lib_a-mallocr.o)
                0x20000438                __malloc_av_
 .data.__malloc_sbrk_base
                0x20000840        0x4 c:/maximsdk/tools/gnutools/bin/../lib/gcc/arm-none-eabi/9.2.1/../../../../arm-none-eabi/lib/thumb/v7e-m+fp/softfp\libc.a(lib_a-mallocr.o)
                0x20000840                __malloc_sbrk_base
 .data.__malloc_trim_threshold
                0x20000844        0x4 c:/maximsdk/tools/gnutools/bin/../lib/gcc/arm-none-eabi/9.2.1/../../../../arm-none-eabi/lib/thumb/v7e-m+fp/softfp\libc.a(lib_a-mallocr.o)
                0x20000844                __malloc_trim_threshold
 .data.__atexit_recursive_mutex
                0x20000848        0x4 c:/maximsdk/tools/gnutools/bin/../lib/gcc/arm-none-eabi/9.2.1/../../../../arm-none-eabi/lib/thumb/v7e-m+fp/softfp\libc.a(lib_a-__call_atexit.o)
                0x20000848                __atexit_recursive_mutex
 .data.__global_locale
                0x2000084c      0x16c c:/maximsdk/tools/gnutools/bin/../lib/gcc/arm-none-eabi/9.2.1/../../../../arm-none-eabi/lib/thumb/v7e-m+fp/softfp\libc.a(lib_a-locale.o)
                0x2000084c                __global_locale
                0x200009b8                . = ALIGN (0x4)
                0x200009b8                PROVIDE (__preinit_array_start = .)
 *(.preinit_array)
                0x200009b8                PROVIDE (__preinit_array_end = .)
                0x200009b8                . = ALIGN (0x4)
                0x200009b8                PROVIDE (__init_array_start = .)
 *(SORT_BY_NAME(.init_array.*))
 .init_array.00000
                0x200009b8        0x4 c:/maximsdk/tools/gnutools/bin/../lib/gcc/arm-none-eabi/9.2.1/../../../../arm-none-eabi/lib/thumb/v7e-m+fp/softfp\libc.a(lib_a-__call_atexit.o)
 *(.init_array)
 .init_array    0x200009bc        0x4 c:/maximsdk/tools/gnutools/bin/../lib/gcc/arm-none-eabi/9.2.1/thumb/v7e-m+fp/softfp/crtbegin.o
                0x200009c0                PROVIDE (__init_array_end = .)
                0x200009c0                . = ALIGN (0x4)
                0x200009c0                PROVIDE (__fini_array_start = .)
 *(SORT_BY_NAME(.fini_array.*))
 *(.fini_array)
 .fini_array    0x200009c0        0x4 c:/maximsdk/tools/gnutools/bin/../lib/gcc/arm-none-eabi/9.2.1/thumb/v7e-m+fp/softfp/crtbegin.o
                0x200009c4                PROVIDE (__fini_array_end = .)
                0x200009c4                _edata = ALIGN (., 0x4)
                0x10007868                __load_data = LOADADDR (.data)

.igot.plt       0x200009c4        0x0 load address 0x1000822c
 .igot.plt      0x200009c4        0x0 c:/maximsdk/tools/gnutools/bin/../lib/gcc/arm-none-eabi/9.2.1/thumb/v7e-m+fp/softfp/crtbegin.o

.bss            0x200009c4      0x48c load address 0x1000822c
                0x200009c4                . = ALIGN (0x4)
                0x200009c4                _bss = .
 *(.bss*)
 .bss           0x200009c4       0x1c c:/maximsdk/tools/gnutools/bin/../lib/gcc/arm-none-eabi/9.2.1/thumb/v7e-m+fp/softfp/crtbegin.o
 .bss.heap_end  0x200009e0        0x4 c:/Users/Jake.Carter/proj/Active/VSCode-Maxim/MaximSDK/New_Project/build/heap.o
 .bss.cbFunc    0x200009e4        0x4 c:/MaximSDK/Libraries/PeriphDrivers/bin/MAX78000/softfp/libPeriphDriver_softfp.a(mxc_delay.o)
 .bss.ctrl_save
                0x200009e8        0x4 c:/MaximSDK/Libraries/PeriphDrivers/bin/MAX78000/softfp/libPeriphDriver_softfp.a(mxc_delay.o)
 .bss.endtick   0x200009ec        0x4 c:/MaximSDK/Libraries/PeriphDrivers/bin/MAX78000/softfp/libPeriphDriver_softfp.a(mxc_delay.o)
 .bss.callback  0x200009f0      0x200 c:/MaximSDK/Libraries/PeriphDrivers/bin/MAX78000/softfp/libPeriphDriver_softfp.a(gpio_common.o)
 .bss.cbparam   0x20000bf0      0x200 c:/MaximSDK/Libraries/PeriphDrivers/bin/MAX78000/softfp/libPeriphDriver_softfp.a(gpio_common.o)
 .bss.initialized
                0x20000df0        0x1 c:/MaximSDK/Libraries/PeriphDrivers/bin/MAX78000/softfp/libPeriphDriver_softfp.a(gpio_common.o)
 *fill*         0x20000df1        0x3 
 .bss.__malloc_current_mallinfo
                0x20000df4       0x28 c:/maximsdk/tools/gnutools/bin/../lib/gcc/arm-none-eabi/9.2.1/../../../../arm-none-eabi/lib/thumb/v7e-m+fp/softfp\libc.a(lib_a-mallocr.o)
                0x20000df4                __malloc_current_mallinfo
 .bss.__malloc_max_sbrked_mem
                0x20000e1c        0x4 c:/maximsdk/tools/gnutools/bin/../lib/gcc/arm-none-eabi/9.2.1/../../../../arm-none-eabi/lib/thumb/v7e-m+fp/softfp\libc.a(lib_a-mallocr.o)
                0x20000e1c                __malloc_max_sbrked_mem
 .bss.__malloc_max_total_mem
                0x20000e20        0x4 c:/maximsdk/tools/gnutools/bin/../lib/gcc/arm-none-eabi/9.2.1/../../../../arm-none-eabi/lib/thumb/v7e-m+fp/softfp\libc.a(lib_a-mallocr.o)
                0x20000e20                __malloc_max_total_mem
 .bss.__malloc_top_pad
                0x20000e24        0x4 c:/maximsdk/tools/gnutools/bin/../lib/gcc/arm-none-eabi/9.2.1/../../../../arm-none-eabi/lib/thumb/v7e-m+fp/softfp\libc.a(lib_a-mallocr.o)
                0x20000e24                __malloc_top_pad
 *(COMMON)
 COMMON         0x20000e28       0x21 c:/maximsdk/tools/gnutools/bin/../lib/gcc/arm-none-eabi/9.2.1/../../../../arm-none-eabi/lib/thumb/v7e-m+fp/softfp\libc.a(lib_a-lock.o)
                0x20000e28                __lock___atexit_recursive_mutex
                0x20000e2c                __lock___arc4random_mutex
                0x20000e30                __lock___env_recursive_mutex
                0x20000e34                __lock___sinit_recursive_mutex
                0x20000e38                __lock___malloc_recursive_mutex
                0x20000e3c                __lock___at_quick_exit_mutex
                0x20000e40                __lock___dd_hash_mutex
                0x20000e44                __lock___tz_mutex
                0x20000e48                __lock___sfp_recursive_mutex
 *fill*         0x20000e49        0x3 
 COMMON         0x20000e4c        0x4 c:/maximsdk/tools/gnutools/bin/../lib/gcc/arm-none-eabi/9.2.1/../../../../arm-none-eabi/lib/thumb/v7e-m+fp/softfp\libc.a(lib_a-reent.o)
                0x20000e4c                errno
                0x20000e50                _ebss = ALIGN (., 0x4)

.shared         0x20000e50        0x4 load address 0x1000822c
                0x20000e50                . = ALIGN (0x4)
                0x20000e50                _shared = .
 *(.mailbox*)
                0x20000e50                . = ALIGN (0x4)
 *(.shared*)
 .shared        0x20000e50        0x4 c:/Users/Jake.Carter/proj/Active/VSCode-Maxim/MaximSDK/New_Project/build/system_max78000.o
                0x20000e50                SystemCoreClock
                0x20000e54                _eshared = ALIGN (., 0x4)
                0x1000822c                __shared_data = LOADADDR (.shared)
                0x20020000                __StackTop = (ORIGIN (SRAM) + LENGTH (SRAM))
                0x2001f000                __StackLimit = (__StackTop - SIZEOF (.stack_dummy))

.stack_dummy    0x20000e58     0x1000 load address 0x10008230
 *(.stack*)
 .stack         0x20000e58     0x1000 c:/Users/Jake.Carter/proj/Active/VSCode-Maxim/MaximSDK/New_Project/build/startup_max78000.o

.heap           0x20000e58      0xc00 load address 0x10008230
                0x20000e58                . = ALIGN (0x4)
 *(.heap*)
 .heap          0x20000e58      0xc00 c:/Users/Jake.Carter/proj/Active/VSCode-Maxim/MaximSDK/New_Project/build/startup_max78000.o
                0x20000e58                __HeapBase
                0x2001f000                __HeapLimit = ABSOLUTE (__StackLimit)
                0x20020000                PROVIDE (__stack = __StackTop)
                0x00000001                ASSERT ((__StackLimit >= _ebss), region RAM overflowed with stack)
OUTPUT(c:/Users/Jake.Carter/proj/Active/VSCode-Maxim/MaximSDK/New_Project/build/New_Project.elf.elf elf32-littlearm)

.ARM.attributes
                0x00000000       0x2e
 .ARM.attributes
                0x00000000       0x1e c:/maximsdk/tools/gnutools/bin/../lib/gcc/arm-none-eabi/9.2.1/thumb/v7e-m+fp/softfp/crti.o
 .ARM.attributes
                0x0000001e       0x32 c:/maximsdk/tools/gnutools/bin/../lib/gcc/arm-none-eabi/9.2.1/thumb/v7e-m+fp/softfp/crtbegin.o
 .ARM.attributes
                0x00000050       0x32 c:/Users/Jake.Carter/proj/Active/VSCode-Maxim/MaximSDK/New_Project/build/main.o
 .ARM.attributes
                0x00000082       0x32 c:/Users/Jake.Carter/proj/Active/VSCode-Maxim/MaximSDK/New_Project/build/board.o
 .ARM.attributes
                0x000000b4       0x32 c:/Users/Jake.Carter/proj/Active/VSCode-Maxim/MaximSDK/New_Project/build/stdio.o
 .ARM.attributes
                0x000000e6       0x32 c:/Users/Jake.Carter/proj/Active/VSCode-Maxim/MaximSDK/New_Project/build/led.o
 .ARM.attributes
                0x00000118       0x32 c:/Users/Jake.Carter/proj/Active/VSCode-Maxim/MaximSDK/New_Project/build/pb.o
 .ARM.attributes
                0x0000014a       0x1b c:/Users/Jake.Carter/proj/Active/VSCode-Maxim/MaximSDK/New_Project/build/startup_max78000.o
 .ARM.attributes
                0x00000165       0x32 c:/Users/Jake.Carter/proj/Active/VSCode-Maxim/MaximSDK/New_Project/build/heap.o
 .ARM.attributes
                0x00000197       0x32 c:/Users/Jake.Carter/proj/Active/VSCode-Maxim/MaximSDK/New_Project/build/system_max78000.o
 .ARM.attributes
                0x000001c9       0x32 c:/MaximSDK/Libraries/PeriphDrivers/bin/MAX78000/softfp/libPeriphDriver_softfp.a(mxc_delay.o)
 .ARM.attributes
                0x000001fb       0x37 c:/MaximSDK/Libraries/PeriphDrivers/bin/MAX78000/softfp/libPeriphDriver_softfp.a(pins_ai85.o)
 .ARM.attributes
                0x00000232       0x32 c:/MaximSDK/Libraries/PeriphDrivers/bin/MAX78000/softfp/libPeriphDriver_softfp.a(sys_ai85.o)
 .ARM.attributes
                0x00000264       0x32 c:/MaximSDK/Libraries/PeriphDrivers/bin/MAX78000/softfp/libPeriphDriver_softfp.a(gpio_ai85.o)
 .ARM.attributes
                0x00000296       0x32 c:/MaximSDK/Libraries/PeriphDrivers/bin/MAX78000/softfp/libPeriphDriver_softfp.a(gpio_reva.o)
 .ARM.attributes
                0x000002c8       0x32 c:/MaximSDK/Libraries/PeriphDrivers/bin/MAX78000/softfp/libPeriphDriver_softfp.a(icc_me17.o)
 .ARM.attributes
                0x000002fa       0x32 c:/MaximSDK/Libraries/PeriphDrivers/bin/MAX78000/softfp/libPeriphDriver_softfp.a(icc_reva.o)
 .ARM.attributes
                0x0000032c       0x32 c:/MaximSDK/Libraries/PeriphDrivers/bin/MAX78000/softfp/libPeriphDriver_softfp.a(uart_ai85.o)
 .ARM.attributes
                0x0000035e       0x32 c:/MaximSDK/Libraries/PeriphDrivers/bin/MAX78000/softfp/libPeriphDriver_softfp.a(uart_common.o)
 .ARM.attributes
                0x00000390       0x32 c:/MaximSDK/Libraries/PeriphDrivers/bin/MAX78000/softfp/libPeriphDriver_softfp.a(uart_revb.o)
 .ARM.attributes
                0x000003c2       0x32 c:/MaximSDK/Libraries/PeriphDrivers/bin/MAX78000/softfp/libPeriphDriver_softfp.a(gpio_common.o)
 .ARM.attributes
                0x000003f4       0x32 c:/maximsdk/tools/gnutools/bin/../lib/gcc/arm-none-eabi/9.2.1/../../../../arm-none-eabi/lib/thumb/v7e-m+fp/softfp\libc.a(lib_a-errno.o)
 .ARM.attributes
                0x00000426       0x30 c:/maximsdk/tools/gnutools/bin/../lib/gcc/arm-none-eabi/9.2.1/../../../../arm-none-eabi/lib/thumb/v7e-m+fp/softfp\libc.a(lib_a-impure.o)
 .ARM.attributes
                0x00000456       0x32 c:/maximsdk/tools/gnutools/bin/../lib/gcc/arm-none-eabi/9.2.1/../../../../arm-none-eabi/lib/thumb/v7e-m+fp/softfp\libc.a(lib_a-init.o)
 .ARM.attributes
                0x00000488       0x32 c:/maximsdk/tools/gnutools/bin/../lib/gcc/arm-none-eabi/9.2.1/../../../../arm-none-eabi/lib/thumb/v7e-m+fp/softfp\libc.a(lib_a-mallocr.o)
 .ARM.attributes
                0x000004ba       0x1c c:/maximsdk/tools/gnutools/bin/../lib/gcc/arm-none-eabi/9.2.1/../../../../arm-none-eabi/lib/thumb/v7e-m+fp/softfp\libc.a(lib_a-memcpy.o)
 .ARM.attributes
                0x000004d6       0x32 c:/maximsdk/tools/gnutools/bin/../lib/gcc/arm-none-eabi/9.2.1/../../../../arm-none-eabi/lib/thumb/v7e-m+fp/softfp\libc.a(lib_a-memset.o)
 .ARM.attributes
                0x00000508       0x32 c:/maximsdk/tools/gnutools/bin/../lib/gcc/arm-none-eabi/9.2.1/../../../../arm-none-eabi/lib/thumb/v7e-m+fp/softfp\libc.a(lib_a-mlock.o)
 .ARM.attributes
                0x0000053a       0x32 c:/maximsdk/tools/gnutools/bin/../lib/gcc/arm-none-eabi/9.2.1/../../../../arm-none-eabi/lib/thumb/v7e-m+fp/softfp\libc.a(lib_a-printf.o)
 .ARM.attributes
                0x0000056c       0x32 c:/maximsdk/tools/gnutools/bin/../lib/gcc/arm-none-eabi/9.2.1/../../../../arm-none-eabi/lib/thumb/v7e-m+fp/softfp\libc.a(lib_a-puts.o)
 .ARM.attributes
                0x0000059e       0x32 c:/maximsdk/tools/gnutools/bin/../lib/gcc/arm-none-eabi/9.2.1/../../../../arm-none-eabi/lib/thumb/v7e-m+fp/softfp\libc.a(lib_a-sbrkr.o)
 .ARM.attributes
                0x000005d0       0x1c c:/maximsdk/tools/gnutools/bin/../lib/gcc/arm-none-eabi/9.2.1/../../../../arm-none-eabi/lib/thumb/v7e-m+fp/softfp\libc.a(lib_a-strlen.o)
 .ARM.attributes
                0x000005ec       0x32 c:/maximsdk/tools/gnutools/bin/../lib/gcc/arm-none-eabi/9.2.1/../../../../arm-none-eabi/lib/thumb/v7e-m+fp/softfp\libc.a(lib_a-vfprintf.o)
 .ARM.attributes
                0x0000061e       0x32 c:/maximsdk/tools/gnutools/bin/../lib/gcc/arm-none-eabi/9.2.1/../../../../arm-none-eabi/lib/thumb/v7e-m+fp/softfp\libc.a(lib_a-wsetup.o)
 .ARM.attributes
                0x00000650       0x32 c:/maximsdk/tools/gnutools/bin/../lib/gcc/arm-none-eabi/9.2.1/../../../../arm-none-eabi/lib/thumb/v7e-m+fp/softfp\libc.a(lib_a-__call_atexit.o)
 .ARM.attributes
                0x00000682       0x32 c:/maximsdk/tools/gnutools/bin/../lib/gcc/arm-none-eabi/9.2.1/../../../../arm-none-eabi/lib/thumb/v7e-m+fp/softfp\libc.a(lib_a-atexit.o)
 .ARM.attributes
                0x000006b4       0x32 c:/maximsdk/tools/gnutools/bin/../lib/gcc/arm-none-eabi/9.2.1/../../../../arm-none-eabi/lib/thumb/v7e-m+fp/softfp\libc.a(lib_a-dtoa.o)
 .ARM.attributes
                0x000006e6       0x32 c:/maximsdk/tools/gnutools/bin/../lib/gcc/arm-none-eabi/9.2.1/../../../../arm-none-eabi/lib/thumb/v7e-m+fp/softfp\libc.a(lib_a-fflush.o)
 .ARM.attributes
                0x00000718       0x32 c:/maximsdk/tools/gnutools/bin/../lib/gcc/arm-none-eabi/9.2.1/../../../../arm-none-eabi/lib/thumb/v7e-m+fp/softfp\libc.a(lib_a-findfp.o)
 .ARM.attributes
                0x0000074a       0x32 c:/maximsdk/tools/gnutools/bin/../lib/gcc/arm-none-eabi/9.2.1/../../../../arm-none-eabi/lib/thumb/v7e-m+fp/softfp\libc.a(lib_a-fini.o)
 .ARM.attributes
                0x0000077c       0x32 c:/maximsdk/tools/gnutools/bin/../lib/gcc/arm-none-eabi/9.2.1/../../../../arm-none-eabi/lib/thumb/v7e-m+fp/softfp\libc.a(lib_a-freer.o)
 .ARM.attributes
                0x000007ae       0x32 c:/maximsdk/tools/gnutools/bin/../lib/gcc/arm-none-eabi/9.2.1/../../../../arm-none-eabi/lib/thumb/v7e-m+fp/softfp\libc.a(lib_a-fvwrite.o)
 .ARM.attributes
                0x000007e0       0x32 c:/maximsdk/tools/gnutools/bin/../lib/gcc/arm-none-eabi/9.2.1/../../../../arm-none-eabi/lib/thumb/v7e-m+fp/softfp\libc.a(lib_a-fwalk.o)
 .ARM.attributes
                0x00000812       0x32 c:/maximsdk/tools/gnutools/bin/../lib/gcc/arm-none-eabi/9.2.1/../../../../arm-none-eabi/lib/thumb/v7e-m+fp/softfp\libc.a(lib_a-localeconv.o)
 .ARM.attributes
                0x00000844       0x32 c:/maximsdk/tools/gnutools/bin/../lib/gcc/arm-none-eabi/9.2.1/../../../../arm-none-eabi/lib/thumb/v7e-m+fp/softfp\libc.a(lib_a-lock.o)
 .ARM.attributes
                0x00000876       0x32 c:/maximsdk/tools/gnutools/bin/../lib/gcc/arm-none-eabi/9.2.1/../../../../arm-none-eabi/lib/thumb/v7e-m+fp/softfp\libc.a(lib_a-makebuf.o)
 .ARM.attributes
                0x000008a8       0x1c c:/maximsdk/tools/gnutools/bin/../lib/gcc/arm-none-eabi/9.2.1/../../../../arm-none-eabi/lib/thumb/v7e-m+fp/softfp\libc.a(lib_a-memchr.o)
 .ARM.attributes
                0x000008c4       0x32 c:/maximsdk/tools/gnutools/bin/../lib/gcc/arm-none-eabi/9.2.1/../../../../arm-none-eabi/lib/thumb/v7e-m+fp/softfp\libc.a(lib_a-memmove.o)
 .ARM.attributes
                0x000008f6       0x32 c:/maximsdk/tools/gnutools/bin/../lib/gcc/arm-none-eabi/9.2.1/../../../../arm-none-eabi/lib/thumb/v7e-m+fp/softfp\libc.a(lib_a-mprec.o)
 .ARM.attributes
                0x00000928       0x32 c:/maximsdk/tools/gnutools/bin/../lib/gcc/arm-none-eabi/9.2.1/../../../../arm-none-eabi/lib/thumb/v7e-m+fp/softfp\libc.a(lib_a-reallocr.o)
 .ARM.attributes
                0x0000095a       0x32 c:/maximsdk/tools/gnutools/bin/../lib/gcc/arm-none-eabi/9.2.1/../../../../arm-none-eabi/lib/thumb/v7e-m+fp/softfp\libc.a(lib_a-reent.o)
 .ARM.attributes
                0x0000098c       0x32 c:/maximsdk/tools/gnutools/bin/../lib/gcc/arm-none-eabi/9.2.1/../../../../arm-none-eabi/lib/thumb/v7e-m+fp/softfp\libc.a(lib_a-s_frexp.o)
 .ARM.attributes
                0x000009be       0x32 c:/maximsdk/tools/gnutools/bin/../lib/gcc/arm-none-eabi/9.2.1/../../../../arm-none-eabi/lib/thumb/v7e-m+fp/softfp\libc.a(lib_a-stdio.o)
 .ARM.attributes
                0x000009f0       0x32 c:/maximsdk/tools/gnutools/bin/../lib/gcc/arm-none-eabi/9.2.1/../../../../arm-none-eabi/lib/thumb/v7e-m+fp/softfp\libc.a(lib_a-strncpy.o)
 .ARM.attributes
                0x00000a22       0x32 c:/maximsdk/tools/gnutools/bin/../lib/gcc/arm-none-eabi/9.2.1/../../../../arm-none-eabi/lib/thumb/v7e-m+fp/softfp\libc.a(lib_a-vfiprintf.o)
 .ARM.attributes
                0x00000a54       0x32 c:/maximsdk/tools/gnutools/bin/../lib/gcc/arm-none-eabi/9.2.1/../../../../arm-none-eabi/lib/thumb/v7e-m+fp/softfp\libc.a(lib_a-writer.o)
 .ARM.attributes
                0x00000a86       0x32 c:/maximsdk/tools/gnutools/bin/../lib/gcc/arm-none-eabi/9.2.1/../../../../arm-none-eabi/lib/thumb/v7e-m+fp/softfp\libc.a(lib_a-__atexit.o)
 .ARM.attributes
                0x00000ab8       0x32 c:/maximsdk/tools/gnutools/bin/../lib/gcc/arm-none-eabi/9.2.1/../../../../arm-none-eabi/lib/thumb/v7e-m+fp/softfp\libc.a(lib_a-callocr.o)
 .ARM.attributes
                0x00000aea       0x32 c:/maximsdk/tools/gnutools/bin/../lib/gcc/arm-none-eabi/9.2.1/../../../../arm-none-eabi/lib/thumb/v7e-m+fp/softfp\libc.a(lib_a-closer.o)
 .ARM.attributes
                0x00000b1c       0x32 c:/maximsdk/tools/gnutools/bin/../lib/gcc/arm-none-eabi/9.2.1/../../../../arm-none-eabi/lib/thumb/v7e-m+fp/softfp\libc.a(lib_a-fclose.o)
 .ARM.attributes
                0x00000b4e       0x32 c:/maximsdk/tools/gnutools/bin/../lib/gcc/arm-none-eabi/9.2.1/../../../../arm-none-eabi/lib/thumb/v7e-m+fp/softfp\libc.a(lib_a-fputwc.o)
 .ARM.attributes
                0x00000b80       0x32 c:/maximsdk/tools/gnutools/bin/../lib/gcc/arm-none-eabi/9.2.1/../../../../arm-none-eabi/lib/thumb/v7e-m+fp/softfp\libc.a(lib_a-fstatr.o)
 .ARM.attributes
                0x00000bb2       0x32 c:/maximsdk/tools/gnutools/bin/../lib/gcc/arm-none-eabi/9.2.1/../../../../arm-none-eabi/lib/thumb/v7e-m+fp/softfp\libc.a(lib_a-isattyr.o)
 .ARM.attributes
                0x00000be4       0x32 c:/maximsdk/tools/gnutools/bin/../lib/gcc/arm-none-eabi/9.2.1/../../../../arm-none-eabi/lib/thumb/v7e-m+fp/softfp\libc.a(lib_a-locale.o)
 .ARM.attributes
                0x00000c16       0x32 c:/maximsdk/tools/gnutools/bin/../lib/gcc/arm-none-eabi/9.2.1/../../../../arm-none-eabi/lib/thumb/v7e-m+fp/softfp\libc.a(lib_a-lseekr.o)
 .ARM.attributes
                0x00000c48       0x32 c:/maximsdk/tools/gnutools/bin/../lib/gcc/arm-none-eabi/9.2.1/../../../../arm-none-eabi/lib/thumb/v7e-m+fp/softfp\libc.a(lib_a-mbtowc_r.o)
 .ARM.attributes
                0x00000c7a       0x32 c:/maximsdk/tools/gnutools/bin/../lib/gcc/arm-none-eabi/9.2.1/../../../../arm-none-eabi/lib/thumb/v7e-m+fp/softfp\libc.a(lib_a-readr.o)
 .ARM.attributes
                0x00000cac       0x32 c:/maximsdk/tools/gnutools/bin/../lib/gcc/arm-none-eabi/9.2.1/../../../../arm-none-eabi/lib/thumb/v7e-m+fp/softfp\libc.a(lib_a-wbuf.o)
 .ARM.attributes
                0x00000cde       0x32 c:/maximsdk/tools/gnutools/bin/../lib/gcc/arm-none-eabi/9.2.1/../../../../arm-none-eabi/lib/thumb/v7e-m+fp/softfp\libc.a(lib_a-wcrtomb.o)
 .ARM.attributes
                0x00000d10       0x32 c:/maximsdk/tools/gnutools/bin/../lib/gcc/arm-none-eabi/9.2.1/../../../../arm-none-eabi/lib/thumb/v7e-m+fp/softfp\libc.a(lib_a-wctomb_r.o)
 .ARM.attributes
                0x00000d42       0x30 c:/maximsdk/tools/gnutools/bin/../lib/gcc/arm-none-eabi/9.2.1/../../../../arm-none-eabi/lib/thumb/v7e-m+fp/softfp\libc.a(lib_a-ctype_.o)
 .ARM.attributes
                0x00000d72       0x1e c:/maximsdk/tools/gnutools/bin/../lib/gcc/arm-none-eabi/9.2.1/thumb/v7e-m+fp/softfp\libgcc.a(_arm_addsubdf3.o)
 .ARM.attributes
                0x00000d90       0x1e c:/maximsdk/tools/gnutools/bin/../lib/gcc/arm-none-eabi/9.2.1/thumb/v7e-m+fp/softfp\libgcc.a(_arm_muldivdf3.o)
 .ARM.attributes
                0x00000dae       0x1e c:/maximsdk/tools/gnutools/bin/../lib/gcc/arm-none-eabi/9.2.1/thumb/v7e-m+fp/softfp\libgcc.a(_arm_cmpdf2.o)
 .ARM.attributes
                0x00000dcc       0x1e c:/maximsdk/tools/gnutools/bin/../lib/gcc/arm-none-eabi/9.2.1/thumb/v7e-m+fp/softfp\libgcc.a(_arm_unorddf2.o)
 .ARM.attributes
                0x00000dea       0x1e c:/maximsdk/tools/gnutools/bin/../lib/gcc/arm-none-eabi/9.2.1/thumb/v7e-m+fp/softfp\libgcc.a(_arm_fixdfsi.o)
 .ARM.attributes
                0x00000e08       0x1e c:/maximsdk/tools/gnutools/bin/../lib/gcc/arm-none-eabi/9.2.1/thumb/v7e-m+fp/softfp\libgcc.a(_aeabi_uldivmod.o)
 .ARM.attributes
                0x00000e26       0x32 c:/maximsdk/tools/gnutools/bin/../lib/gcc/arm-none-eabi/9.2.1/thumb/v7e-m+fp/softfp\libgcc.a(_udivmoddi4.o)
 .ARM.attributes
                0x00000e58       0x1e c:/maximsdk/tools/gnutools/bin/../lib/gcc/arm-none-eabi/9.2.1/thumb/v7e-m+fp/softfp\libgcc.a(_dvmd_tls.o)
 .ARM.attributes
                0x00000e76       0x30 c:/maximsdk/tools/gnutools/bin/../lib/gcc/arm-none-eabi/9.2.1/thumb/v7e-m+fp/softfp/crtend.o
 .ARM.attributes
                0x00000ea6       0x1e c:/maximsdk/tools/gnutools/bin/../lib/gcc/arm-none-eabi/9.2.1/thumb/v7e-m+fp/softfp/crtn.o

.comment        0x00000000       0x79
 .comment       0x00000000       0x79 c:/Users/Jake.Carter/proj/Active/VSCode-Maxim/MaximSDK/New_Project/build/main.o
                                 0x7a (size before relaxing)
 .comment       0x00000079       0x7a c:/Users/Jake.Carter/proj/Active/VSCode-Maxim/MaximSDK/New_Project/build/board.o
 .comment       0x00000079       0x7a c:/Users/Jake.Carter/proj/Active/VSCode-Maxim/MaximSDK/New_Project/build/stdio.o
 .comment       0x00000079       0x7a c:/Users/Jake.Carter/proj/Active/VSCode-Maxim/MaximSDK/New_Project/build/led.o
 .comment       0x00000079       0x7a c:/Users/Jake.Carter/proj/Active/VSCode-Maxim/MaximSDK/New_Project/build/pb.o
 .comment       0x00000079       0x7a c:/Users/Jake.Carter/proj/Active/VSCode-Maxim/MaximSDK/New_Project/build/heap.o
 .comment       0x00000079       0x7a c:/Users/Jake.Carter/proj/Active/VSCode-Maxim/MaximSDK/New_Project/build/system_max78000.o
 .comment       0x00000079       0x7a c:/MaximSDK/Libraries/PeriphDrivers/bin/MAX78000/softfp/libPeriphDriver_softfp.a(mxc_delay.o)
 .comment       0x00000079       0x7a c:/MaximSDK/Libraries/PeriphDrivers/bin/MAX78000/softfp/libPeriphDriver_softfp.a(pins_ai85.o)
 .comment       0x00000079       0x7a c:/MaximSDK/Libraries/PeriphDrivers/bin/MAX78000/softfp/libPeriphDriver_softfp.a(sys_ai85.o)
 .comment       0x00000079       0x7a c:/MaximSDK/Libraries/PeriphDrivers/bin/MAX78000/softfp/libPeriphDriver_softfp.a(gpio_ai85.o)
 .comment       0x00000079       0x7a c:/MaximSDK/Libraries/PeriphDrivers/bin/MAX78000/softfp/libPeriphDriver_softfp.a(gpio_reva.o)
 .comment       0x00000079       0x7a c:/MaximSDK/Libraries/PeriphDrivers/bin/MAX78000/softfp/libPeriphDriver_softfp.a(icc_me17.o)
 .comment       0x00000079       0x7a c:/MaximSDK/Libraries/PeriphDrivers/bin/MAX78000/softfp/libPeriphDriver_softfp.a(icc_reva.o)
 .comment       0x00000079       0x7a c:/MaximSDK/Libraries/PeriphDrivers/bin/MAX78000/softfp/libPeriphDriver_softfp.a(uart_ai85.o)
 .comment       0x00000079       0x7a c:/MaximSDK/Libraries/PeriphDrivers/bin/MAX78000/softfp/libPeriphDriver_softfp.a(uart_common.o)
 .comment       0x00000079       0x7a c:/MaximSDK/Libraries/PeriphDrivers/bin/MAX78000/softfp/libPeriphDriver_softfp.a(uart_revb.o)
 .comment       0x00000079       0x7a c:/MaximSDK/Libraries/PeriphDrivers/bin/MAX78000/softfp/libPeriphDriver_softfp.a(gpio_common.o)

.debug_info     0x00000000    0x1392b
 .debug_info    0x00000000     0x1075 c:/Users/Jake.Carter/proj/Active/VSCode-Maxim/MaximSDK/New_Project/build/main.o
 .debug_info    0x00001075     0x1577 c:/Users/Jake.Carter/proj/Active/VSCode-Maxim/MaximSDK/New_Project/build/board.o
 .debug_info    0x000025ec     0x1543 c:/Users/Jake.Carter/proj/Active/VSCode-Maxim/MaximSDK/New_Project/build/stdio.o
 .debug_info    0x00003b2f     0x1112 c:/Users/Jake.Carter/proj/Active/VSCode-Maxim/MaximSDK/New_Project/build/led.o
 .debug_info    0x00004c41      0xf10 c:/Users/Jake.Carter/proj/Active/VSCode-Maxim/MaximSDK/New_Project/build/pb.o
 .debug_info    0x00005b51      0xa22 c:/Users/Jake.Carter/proj/Active/VSCode-Maxim/MaximSDK/New_Project/build/heap.o
 .debug_info    0x00006573     0x1483 c:/Users/Jake.Carter/proj/Active/VSCode-Maxim/MaximSDK/New_Project/build/system_max78000.o
 .debug_info    0x000079f6      0x974 c:/MaximSDK/Libraries/PeriphDrivers/bin/MAX78000/softfp/libPeriphDriver_softfp.a(mxc_delay.o)
 .debug_info    0x0000836a      0x945 c:/MaximSDK/Libraries/PeriphDrivers/bin/MAX78000/softfp/libPeriphDriver_softfp.a(pins_ai85.o)
 .debug_info    0x00008caf     0x19a8 c:/MaximSDK/Libraries/PeriphDrivers/bin/MAX78000/softfp/libPeriphDriver_softfp.a(sys_ai85.o)
 .debug_info    0x0000a657     0x1376 c:/MaximSDK/Libraries/PeriphDrivers/bin/MAX78000/softfp/libPeriphDriver_softfp.a(gpio_ai85.o)
 .debug_info    0x0000b9cd      0xc29 c:/MaximSDK/Libraries/PeriphDrivers/bin/MAX78000/softfp/libPeriphDriver_softfp.a(gpio_reva.o)
 .debug_info    0x0000c5f6      0x981 c:/MaximSDK/Libraries/PeriphDrivers/bin/MAX78000/softfp/libPeriphDriver_softfp.a(icc_me17.o)
 .debug_info    0x0000cf77      0x860 c:/MaximSDK/Libraries/PeriphDrivers/bin/MAX78000/softfp/libPeriphDriver_softfp.a(icc_reva.o)
 .debug_info    0x0000d7d7     0x219a c:/MaximSDK/Libraries/PeriphDrivers/bin/MAX78000/softfp/libPeriphDriver_softfp.a(uart_ai85.o)
 .debug_info    0x0000f971      0x886 c:/MaximSDK/Libraries/PeriphDrivers/bin/MAX78000/softfp/libPeriphDriver_softfp.a(uart_common.o)
 .debug_info    0x000101f7     0x2e54 c:/MaximSDK/Libraries/PeriphDrivers/bin/MAX78000/softfp/libPeriphDriver_softfp.a(uart_revb.o)
 .debug_info    0x0001304b      0x8e0 c:/MaximSDK/Libraries/PeriphDrivers/bin/MAX78000/softfp/libPeriphDriver_softfp.a(gpio_common.o)

.debug_abbrev   0x00000000     0x2bce
 .debug_abbrev  0x00000000      0x25a c:/Users/Jake.Carter/proj/Active/VSCode-Maxim/MaximSDK/New_Project/build/main.o
 .debug_abbrev  0x0000025a      0x2ee c:/Users/Jake.Carter/proj/Active/VSCode-Maxim/MaximSDK/New_Project/build/board.o
 .debug_abbrev  0x00000548      0x2a6 c:/Users/Jake.Carter/proj/Active/VSCode-Maxim/MaximSDK/New_Project/build/stdio.o
 .debug_abbrev  0x000007ee      0x2ab c:/Users/Jake.Carter/proj/Active/VSCode-Maxim/MaximSDK/New_Project/build/led.o
 .debug_abbrev  0x00000a99      0x27c c:/Users/Jake.Carter/proj/Active/VSCode-Maxim/MaximSDK/New_Project/build/pb.o
 .debug_abbrev  0x00000d15      0x232 c:/Users/Jake.Carter/proj/Active/VSCode-Maxim/MaximSDK/New_Project/build/heap.o
 .debug_abbrev  0x00000f47      0x2e9 c:/Users/Jake.Carter/proj/Active/VSCode-Maxim/MaximSDK/New_Project/build/system_max78000.o
 .debug_abbrev  0x00001230      0x26e c:/MaximSDK/Libraries/PeriphDrivers/bin/MAX78000/softfp/libPeriphDriver_softfp.a(mxc_delay.o)
 .debug_abbrev  0x0000149e       0xe3 c:/MaximSDK/Libraries/PeriphDrivers/bin/MAX78000/softfp/libPeriphDriver_softfp.a(pins_ai85.o)
 .debug_abbrev  0x00001581      0x3b4 c:/MaximSDK/Libraries/PeriphDrivers/bin/MAX78000/softfp/libPeriphDriver_softfp.a(sys_ai85.o)
 .debug_abbrev  0x00001935      0x2a3 c:/MaximSDK/Libraries/PeriphDrivers/bin/MAX78000/softfp/libPeriphDriver_softfp.a(gpio_ai85.o)
 .debug_abbrev  0x00001bd8      0x17b c:/MaximSDK/Libraries/PeriphDrivers/bin/MAX78000/softfp/libPeriphDriver_softfp.a(gpio_reva.o)
 .debug_abbrev  0x00001d53      0x1f5 c:/MaximSDK/Libraries/PeriphDrivers/bin/MAX78000/softfp/libPeriphDriver_softfp.a(icc_me17.o)
 .debug_abbrev  0x00001f48      0x1bc c:/MaximSDK/Libraries/PeriphDrivers/bin/MAX78000/softfp/libPeriphDriver_softfp.a(icc_reva.o)
 .debug_abbrev  0x00002104      0x309 c:/MaximSDK/Libraries/PeriphDrivers/bin/MAX78000/softfp/libPeriphDriver_softfp.a(uart_ai85.o)
 .debug_abbrev  0x0000240d      0x144 c:/MaximSDK/Libraries/PeriphDrivers/bin/MAX78000/softfp/libPeriphDriver_softfp.a(uart_common.o)
 .debug_abbrev  0x00002551      0x467 c:/MaximSDK/Libraries/PeriphDrivers/bin/MAX78000/softfp/libPeriphDriver_softfp.a(uart_revb.o)
 .debug_abbrev  0x000029b8      0x216 c:/MaximSDK/Libraries/PeriphDrivers/bin/MAX78000/softfp/libPeriphDriver_softfp.a(gpio_common.o)

.debug_loc      0x00000000     0x4c46
 .debug_loc     0x00000000       0x30 c:/Users/Jake.Carter/proj/Active/VSCode-Maxim/MaximSDK/New_Project/build/main.o
 .debug_loc     0x00000030      0x12c c:/Users/Jake.Carter/proj/Active/VSCode-Maxim/MaximSDK/New_Project/build/board.o
 .debug_loc     0x0000015c      0x2a9 c:/Users/Jake.Carter/proj/Active/VSCode-Maxim/MaximSDK/New_Project/build/stdio.o
 .debug_loc     0x00000405      0x144 c:/Users/Jake.Carter/proj/Active/VSCode-Maxim/MaximSDK/New_Project/build/led.o
 .debug_loc     0x00000549      0x25a c:/Users/Jake.Carter/proj/Active/VSCode-Maxim/MaximSDK/New_Project/build/pb.o
 .debug_loc     0x000007a3       0x71 c:/Users/Jake.Carter/proj/Active/VSCode-Maxim/MaximSDK/New_Project/build/heap.o
 .debug_loc     0x00000814       0x9a c:/Users/Jake.Carter/proj/Active/VSCode-Maxim/MaximSDK/New_Project/build/system_max78000.o
 .debug_loc     0x000008ae      0x1bc c:/MaximSDK/Libraries/PeriphDrivers/bin/MAX78000/softfp/libPeriphDriver_softfp.a(mxc_delay.o)
 .debug_loc     0x00000a6a      0x448 c:/MaximSDK/Libraries/PeriphDrivers/bin/MAX78000/softfp/libPeriphDriver_softfp.a(sys_ai85.o)
 .debug_loc     0x00000eb2      0x859 c:/MaximSDK/Libraries/PeriphDrivers/bin/MAX78000/softfp/libPeriphDriver_softfp.a(gpio_ai85.o)
 .debug_loc     0x0000170b      0x2e5 c:/MaximSDK/Libraries/PeriphDrivers/bin/MAX78000/softfp/libPeriphDriver_softfp.a(gpio_reva.o)
 .debug_loc     0x000019f0      0x127 c:/MaximSDK/Libraries/PeriphDrivers/bin/MAX78000/softfp/libPeriphDriver_softfp.a(icc_me17.o)
 .debug_loc     0x00001b17       0xc3 c:/MaximSDK/Libraries/PeriphDrivers/bin/MAX78000/softfp/libPeriphDriver_softfp.a(icc_reva.o)
 .debug_loc     0x00001bda     0x122f c:/MaximSDK/Libraries/PeriphDrivers/bin/MAX78000/softfp/libPeriphDriver_softfp.a(uart_ai85.o)
 .debug_loc     0x00002e09       0xa3 c:/MaximSDK/Libraries/PeriphDrivers/bin/MAX78000/softfp/libPeriphDriver_softfp.a(uart_common.o)
 .debug_loc     0x00002eac     0x1c2f c:/MaximSDK/Libraries/PeriphDrivers/bin/MAX78000/softfp/libPeriphDriver_softfp.a(uart_revb.o)
 .debug_loc     0x00004adb      0x16b c:/MaximSDK/Libraries/PeriphDrivers/bin/MAX78000/softfp/libPeriphDriver_softfp.a(gpio_common.o)

.debug_aranges  0x00000000      0x768
 .debug_aranges
                0x00000000       0x20 c:/Users/Jake.Carter/proj/Active/VSCode-Maxim/MaximSDK/New_Project/build/main.o
 .debug_aranges
                0x00000020       0x50 c:/Users/Jake.Carter/proj/Active/VSCode-Maxim/MaximSDK/New_Project/build/board.o
 .debug_aranges
                0x00000070       0x50 c:/Users/Jake.Carter/proj/Active/VSCode-Maxim/MaximSDK/New_Project/build/stdio.o
 .debug_aranges
                0x000000c0       0x38 c:/Users/Jake.Carter/proj/Active/VSCode-Maxim/MaximSDK/New_Project/build/led.o
 .debug_aranges
                0x000000f8       0x60 c:/Users/Jake.Carter/proj/Active/VSCode-Maxim/MaximSDK/New_Project/build/pb.o
 .debug_aranges
                0x00000158       0x20 c:/Users/Jake.Carter/proj/Active/VSCode-Maxim/MaximSDK/New_Project/build/heap.o
 .debug_aranges
                0x00000178       0x38 c:/Users/Jake.Carter/proj/Active/VSCode-Maxim/MaximSDK/New_Project/build/system_max78000.o
 .debug_aranges
                0x000001b0       0x50 c:/MaximSDK/Libraries/PeriphDrivers/bin/MAX78000/softfp/libPeriphDriver_softfp.a(mxc_delay.o)
 .debug_aranges
                0x00000200       0x18 c:/MaximSDK/Libraries/PeriphDrivers/bin/MAX78000/softfp/libPeriphDriver_softfp.a(pins_ai85.o)
 .debug_aranges
                0x00000218       0x78 c:/MaximSDK/Libraries/PeriphDrivers/bin/MAX78000/softfp/libPeriphDriver_softfp.a(sys_ai85.o)
 .debug_aranges
                0x00000290       0xa8 c:/MaximSDK/Libraries/PeriphDrivers/bin/MAX78000/softfp/libPeriphDriver_softfp.a(gpio_ai85.o)
 .debug_aranges
                0x00000338       0x80 c:/MaximSDK/Libraries/PeriphDrivers/bin/MAX78000/softfp/libPeriphDriver_softfp.a(gpio_reva.o)
 .debug_aranges
                0x000003b8       0x38 c:/MaximSDK/Libraries/PeriphDrivers/bin/MAX78000/softfp/libPeriphDriver_softfp.a(icc_me17.o)
 .debug_aranges
                0x000003f0       0x30 c:/MaximSDK/Libraries/PeriphDrivers/bin/MAX78000/softfp/libPeriphDriver_softfp.a(icc_reva.o)
 .debug_aranges
                0x00000420      0x188 c:/MaximSDK/Libraries/PeriphDrivers/bin/MAX78000/softfp/libPeriphDriver_softfp.a(uart_ai85.o)
 .debug_aranges
                0x000005a8       0x28 c:/MaximSDK/Libraries/PeriphDrivers/bin/MAX78000/softfp/libPeriphDriver_softfp.a(uart_common.o)
 .debug_aranges
                0x000005d0      0x168 c:/MaximSDK/Libraries/PeriphDrivers/bin/MAX78000/softfp/libPeriphDriver_softfp.a(uart_revb.o)
 .debug_aranges
                0x00000738       0x30 c:/MaximSDK/Libraries/PeriphDrivers/bin/MAX78000/softfp/libPeriphDriver_softfp.a(gpio_common.o)

.debug_ranges   0x00000000      0x6f8
 .debug_ranges  0x00000000       0x10 c:/Users/Jake.Carter/proj/Active/VSCode-Maxim/MaximSDK/New_Project/build/main.o
 .debug_ranges  0x00000010       0x40 c:/Users/Jake.Carter/proj/Active/VSCode-Maxim/MaximSDK/New_Project/build/board.o
 .debug_ranges  0x00000050       0x40 c:/Users/Jake.Carter/proj/Active/VSCode-Maxim/MaximSDK/New_Project/build/stdio.o
 .debug_ranges  0x00000090       0x28 c:/Users/Jake.Carter/proj/Active/VSCode-Maxim/MaximSDK/New_Project/build/led.o
 .debug_ranges  0x000000b8       0x50 c:/Users/Jake.Carter/proj/Active/VSCode-Maxim/MaximSDK/New_Project/build/pb.o
 .debug_ranges  0x00000108       0x10 c:/Users/Jake.Carter/proj/Active/VSCode-Maxim/MaximSDK/New_Project/build/heap.o
 .debug_ranges  0x00000118       0x28 c:/Users/Jake.Carter/proj/Active/VSCode-Maxim/MaximSDK/New_Project/build/system_max78000.o
 .debug_ranges  0x00000140       0x88 c:/MaximSDK/Libraries/PeriphDrivers/bin/MAX78000/softfp/libPeriphDriver_softfp.a(mxc_delay.o)
 .debug_ranges  0x000001c8       0x80 c:/MaximSDK/Libraries/PeriphDrivers/bin/MAX78000/softfp/libPeriphDriver_softfp.a(sys_ai85.o)
 .debug_ranges  0x00000248       0xb0 c:/MaximSDK/Libraries/PeriphDrivers/bin/MAX78000/softfp/libPeriphDriver_softfp.a(gpio_ai85.o)
 .debug_ranges  0x000002f8       0x70 c:/MaximSDK/Libraries/PeriphDrivers/bin/MAX78000/softfp/libPeriphDriver_softfp.a(gpio_reva.o)
 .debug_ranges  0x00000368       0x40 c:/MaximSDK/Libraries/PeriphDrivers/bin/MAX78000/softfp/libPeriphDriver_softfp.a(icc_me17.o)
 .debug_ranges  0x000003a8       0x20 c:/MaximSDK/Libraries/PeriphDrivers/bin/MAX78000/softfp/libPeriphDriver_softfp.a(icc_reva.o)
 .debug_ranges  0x000003c8      0x178 c:/MaximSDK/Libraries/PeriphDrivers/bin/MAX78000/softfp/libPeriphDriver_softfp.a(uart_ai85.o)
 .debug_ranges  0x00000540       0x18 c:/MaximSDK/Libraries/PeriphDrivers/bin/MAX78000/softfp/libPeriphDriver_softfp.a(uart_common.o)
 .debug_ranges  0x00000558      0x180 c:/MaximSDK/Libraries/PeriphDrivers/bin/MAX78000/softfp/libPeriphDriver_softfp.a(uart_revb.o)
 .debug_ranges  0x000006d8       0x20 c:/MaximSDK/Libraries/PeriphDrivers/bin/MAX78000/softfp/libPeriphDriver_softfp.a(gpio_common.o)

.debug_macro    0x00000000     0x9dc4
 .debug_macro   0x00000000      0x275 c:/Users/Jake.Carter/proj/Active/VSCode-Maxim/MaximSDK/New_Project/build/main.o
 .debug_macro   0x00000275      0xab4 c:/Users/Jake.Carter/proj/Active/VSCode-Maxim/MaximSDK/New_Project/build/main.o
 .debug_macro   0x00000d29       0x22 c:/Users/Jake.Carter/proj/Active/VSCode-Maxim/MaximSDK/New_Project/build/main.o
 .debug_macro   0x00000d4b       0x58 c:/Users/Jake.Carter/proj/Active/VSCode-Maxim/MaximSDK/New_Project/build/main.o
 .debug_macro   0x00000da3       0x18 c:/Users/Jake.Carter/proj/Active/VSCode-Maxim/MaximSDK/New_Project/build/main.o
 .debug_macro   0x00000dbb       0x94 c:/Users/Jake.Carter/proj/Active/VSCode-Maxim/MaximSDK/New_Project/build/main.o
 .debug_macro   0x00000e4f       0x35 c:/Users/Jake.Carter/proj/Active/VSCode-Maxim/MaximSDK/New_Project/build/main.o
 .debug_macro   0x00000e84       0x34 c:/Users/Jake.Carter/proj/Active/VSCode-Maxim/MaximSDK/New_Project/build/main.o